Component: ARM Compiler 5.06 update 7 (build 960) Tool: armlink [4d3601]

==============================================================================

Section Cross References

    stm32f10x_adc.o(i.ADC_DeInit) refers to stm32f10x_rcc.o(i.RCC_APB2PeriphResetCmd) for RCC_APB2PeriphResetCmd
    stm32f10x_bkp.o(i.BKP_DeInit) refers to stm32f10x_rcc.o(i.RCC_BackupResetCmd) for RCC_BackupResetCmd
    stm32f10x_can.o(i.CAN_DeInit) refers to stm32f10x_rcc.o(i.RCC_APB1PeriphResetCmd) for RCC_APB1PeriphResetCmd
    stm32f10x_can.o(i.CAN_GetITStatus) refers to stm32f10x_can.o(i.CheckITStatus) for CheckITStatus
    stm32f10x_cec.o(i.CEC_DeInit) refers to stm32f10x_rcc.o(i.RCC_APB1PeriphResetCmd) for RCC_APB1PeriphResetCmd
    stm32f10x_dac.o(i.DAC_DeInit) refers to stm32f10x_rcc.o(i.RCC_APB1PeriphResetCmd) for RCC_APB1PeriphResetCmd
    stm32f10x_flash.o(i.FLASH_EnableWriteProtection) refers to stm32f10x_flash.o(i.FLASH_WaitForLastOperation) for FLASH_WaitForLastOperation
    stm32f10x_flash.o(i.FLASH_EraseAllBank1Pages) refers to stm32f10x_flash.o(i.FLASH_WaitForLastBank1Operation) for FLASH_WaitForLastBank1Operation
    stm32f10x_flash.o(i.FLASH_EraseAllPages) refers to stm32f10x_flash.o(i.FLASH_WaitForLastOperation) for FLASH_WaitForLastOperation
    stm32f10x_flash.o(i.FLASH_EraseOptionBytes) refers to stm32f10x_flash.o(i.FLASH_GetReadOutProtectionStatus) for FLASH_GetReadOutProtectionStatus
    stm32f10x_flash.o(i.FLASH_EraseOptionBytes) refers to stm32f10x_flash.o(i.FLASH_WaitForLastOperation) for FLASH_WaitForLastOperation
    stm32f10x_flash.o(i.FLASH_ErasePage) refers to stm32f10x_flash.o(i.FLASH_WaitForLastOperation) for FLASH_WaitForLastOperation
    stm32f10x_flash.o(i.FLASH_ProgramHalfWord) refers to stm32f10x_flash.o(i.FLASH_WaitForLastOperation) for FLASH_WaitForLastOperation
    stm32f10x_flash.o(i.FLASH_ProgramOptionByteData) refers to stm32f10x_flash.o(i.FLASH_WaitForLastOperation) for FLASH_WaitForLastOperation
    stm32f10x_flash.o(i.FLASH_ProgramWord) refers to stm32f10x_flash.o(i.FLASH_WaitForLastOperation) for FLASH_WaitForLastOperation
    stm32f10x_flash.o(i.FLASH_ReadOutProtection) refers to stm32f10x_flash.o(i.FLASH_WaitForLastOperation) for FLASH_WaitForLastOperation
    stm32f10x_flash.o(i.FLASH_UserOptionByteConfig) refers to stm32f10x_flash.o(i.FLASH_WaitForLastOperation) for FLASH_WaitForLastOperation
    stm32f10x_flash.o(i.FLASH_WaitForLastBank1Operation) refers to stm32f10x_flash.o(i.FLASH_GetBank1Status) for FLASH_GetBank1Status
    stm32f10x_flash.o(i.FLASH_WaitForLastOperation) refers to stm32f10x_flash.o(i.FLASH_GetBank1Status) for FLASH_GetBank1Status
    stm32f10x_gpio.o(i.GPIO_AFIODeInit) refers to stm32f10x_rcc.o(i.RCC_APB2PeriphResetCmd) for RCC_APB2PeriphResetCmd
    stm32f10x_gpio.o(i.GPIO_DeInit) refers to stm32f10x_rcc.o(i.RCC_APB2PeriphResetCmd) for RCC_APB2PeriphResetCmd
    stm32f10x_i2c.o(i.I2C_DeInit) refers to stm32f10x_rcc.o(i.RCC_APB1PeriphResetCmd) for RCC_APB1PeriphResetCmd
    stm32f10x_i2c.o(i.I2C_Init) refers to stm32f10x_rcc.o(i.RCC_GetClocksFreq) for RCC_GetClocksFreq
    stm32f10x_pwr.o(i.PWR_DeInit) refers to stm32f10x_rcc.o(i.RCC_APB1PeriphResetCmd) for RCC_APB1PeriphResetCmd
    stm32f10x_rcc.o(i.RCC_GetClocksFreq) refers to stm32f10x_rcc.o(.data) for .data
    stm32f10x_rcc.o(i.RCC_WaitForHSEStartUp) refers to stm32f10x_rcc.o(i.RCC_GetFlagStatus) for RCC_GetFlagStatus
    stm32f10x_rtc.o(i.RTC_SetAlarm) refers to stm32f10x_rtc.o(i.RTC_EnterConfigMode) for RTC_EnterConfigMode
    stm32f10x_rtc.o(i.RTC_SetAlarm) refers to stm32f10x_rtc.o(i.RTC_ExitConfigMode) for RTC_ExitConfigMode
    stm32f10x_rtc.o(i.RTC_SetCounter) refers to stm32f10x_rtc.o(i.RTC_EnterConfigMode) for RTC_EnterConfigMode
    stm32f10x_rtc.o(i.RTC_SetCounter) refers to stm32f10x_rtc.o(i.RTC_ExitConfigMode) for RTC_ExitConfigMode
    stm32f10x_rtc.o(i.RTC_SetPrescaler) refers to stm32f10x_rtc.o(i.RTC_EnterConfigMode) for RTC_EnterConfigMode
    stm32f10x_rtc.o(i.RTC_SetPrescaler) refers to stm32f10x_rtc.o(i.RTC_ExitConfigMode) for RTC_ExitConfigMode
    stm32f10x_spi.o(i.I2S_Init) refers to stm32f10x_rcc.o(i.RCC_GetClocksFreq) for RCC_GetClocksFreq
    stm32f10x_spi.o(i.SPI_I2S_DeInit) refers to stm32f10x_rcc.o(i.RCC_APB2PeriphResetCmd) for RCC_APB2PeriphResetCmd
    stm32f10x_spi.o(i.SPI_I2S_DeInit) refers to stm32f10x_rcc.o(i.RCC_APB1PeriphResetCmd) for RCC_APB1PeriphResetCmd
    stm32f10x_tim.o(i.TIM_DeInit) refers to stm32f10x_rcc.o(i.RCC_APB1PeriphResetCmd) for RCC_APB1PeriphResetCmd
    stm32f10x_tim.o(i.TIM_DeInit) refers to stm32f10x_rcc.o(i.RCC_APB2PeriphResetCmd) for RCC_APB2PeriphResetCmd
    stm32f10x_tim.o(i.TIM_ETRClockMode1Config) refers to stm32f10x_tim.o(i.TIM_ETRConfig) for TIM_ETRConfig
    stm32f10x_tim.o(i.TIM_ETRClockMode2Config) refers to stm32f10x_tim.o(i.TIM_ETRConfig) for TIM_ETRConfig
    stm32f10x_tim.o(i.TIM_ICInit) refers to stm32f10x_tim.o(i.TI1_Config) for TI1_Config
[...]
    i.USART_Init                             0x08002288   Section        0  stm32f10x_usart.o(i.USART_Init)
    i.USART_ReceiveData                      0x08002334   Section        0  stm32f10x_usart.o(i.USART_ReceiveData)
    i.USART_SendData                         0x0800233c   Section        0  stm32f10x_usart.o(i.USART_SendData)
    i.UsageFault_Handler                     0x08002344   Section        0  stm32f10x_it.o(i.UsageFault_Handler)
    i.__ARM_fpclassify                       0x08002346   Section        0  fpclassify.o(i.__ARM_fpclassify)
    i._dwt_aonarrayupload                    0x0800236e   Section        0  deca_device.o(i._dwt_aonarrayupload)
    i._dwt_configlde                         0x08002388   Section        0  deca_device.o(i._dwt_configlde)
    i._dwt_disablesequencing                 0x080023b2   Section        0  deca_device.o(i._dwt_disablesequencing)
    i._dwt_enableclocks                      0x080023c8   Section        0  deca_device.o(i._dwt_enableclocks)
    i._dwt_loaducodefromrom                  0x08002496   Section        0  deca_device.o(i._dwt_loaducodefromrom)
    i._dwt_otpread                           0x080024ba   Section        0  deca_device.o(i._dwt_otpread)
    i._is_digit                              0x080024e6   Section        0  __printf_wp.o(i._is_digit)
    i.deca_sleep                             0x080024f4   Section        0  deca_sleep.o(i.deca_sleep)
    i.decamutexoff                           0x080024f8   Section        0  deca_mutex.o(i.decamutexoff)
    i.decamutexon                            0x0800250a   Section        0  deca_mutex.o(i.decamutexon)
    i.delay_init                             0x08002524   Section        0  delay.o(i.delay_init)
    i.delay_ms                               0x08002560   Section        0  delay.o(i.delay_ms)
    i.delay_us                               0x08002594   Section        0  delay.o(i.delay_us)
    i.dwt_configure                          0x080025c8   Section        0  deca_device.o(i.dwt_configure)
    i.dwt_forcetrxoff                        0x080027e0   Section        0  deca_device.o(i.dwt_forcetrxoff)
    i.dwt_initialise                         0x08002838   Section        0  deca_device.o(i.dwt_initialise)
    i.dwt_read16bitoffsetreg                 0x080029a4   Section        0  deca_device.o(i.dwt_read16bitoffsetreg)
    i.dwt_read32bitoffsetreg                 0x080029c2   Section        0  deca_device.o(i.dwt_read32bitoffsetreg)
    i.dwt_read8bitoffsetreg                  0x080029e4   Section        0  deca_device.o(i.dwt_read8bitoffsetreg)
    i.dwt_readdevid                          0x080029f8   Section        0  deca_device.o(i.dwt_readdevid)
    i.dwt_readfromdevice                     0x08002a00   Section        0  deca_device.o(i.dwt_readfromdevice)
    i.dwt_readrxdata                         0x08002a3a   Section        0  deca_device.o(i.dwt_readrxdata)
    i.dwt_readrxtimestamp                    0x08002a4c   Section        0  deca_device.o(i.dwt_readrxtimestamp)
    i.dwt_readtxtimestamp                    0x08002a58   Section        0  deca_device.o(i.dwt_readtxtimestamp)
    i.dwt_rxenable                           0x08002a64   Section        0  deca_device.o(i.dwt_rxenable)
    i.dwt_rxreset                            0x08002ab2   Section        0  deca_device.o(i.dwt_rxreset)
    i.dwt_setdelayedtrxtime                  0x08002acc   Section        0  deca_device.o(i.dwt_setdelayedtrxtime)
    i.dwt_setleds                            0x08002ad8   Section        0  deca_device.o(i.dwt_setleds)
    i.dwt_setpreambledetecttimeout           0x08002b4c   Section        0  deca_device.o(i.dwt_setpreambledetecttimeout)
    i.dwt_setrxaftertxdelay                  0x08002b56   Section        0  deca_device.o(i.dwt_setrxaftertxdelay)
    i.dwt_setrxantennadelay                  0x08002b78   Section        0  deca_device.o(i.dwt_setrxantennadelay)
    i.dwt_setrxtimeout                       0x08002b84   Section        0  deca_device.o(i.dwt_setrxtimeout)
    i.dwt_settxantennadelay                  0x08002bcc   Section        0  deca_device.o(i.dwt_settxantennadelay)
    i.dwt_setxtaltrim                        0x08002bd6   Section        0  deca_device.o(i.dwt_setxtaltrim)
    i.dwt_softreset                          0x08002be8   Section        0  deca_device.o(i.dwt_softreset)
    i.dwt_starttx                            0x08002c30   Section        0  deca_device.o(i.dwt_starttx)
    i.dwt_syncrxbufptrs                      0x08002c88   Section        0  deca_device.o(i.dwt_syncrxbufptrs)
    i.dwt_write16bitoffsetreg                0x08002cb0   Section        0  deca_device.o(i.dwt_write16bitoffsetreg)
    i.dwt_write32bitoffsetreg                0x08002cca   Section        0  deca_device.o(i.dwt_write32bitoffsetreg)
    i.dwt_write8bitoffsetreg                 0x08002ce8   Section        0  deca_device.o(i.dwt_write8bitoffsetreg)
    i.dwt_writetodevice                      0x08002cf8   Section        0  deca_device.o(i.dwt_writetodevice)
    i.dwt_writetxdata                        0x08002d36   Section        0  deca_device.o(i.dwt_writetxdata)
    i.dwt_writetxfctrl                       0x08002d58   Section        0  deca_device.o(i.dwt_writetxfctrl)
    i.final_msg_get_ts                       0x08002d74   Section        0  main.o(i.final_msg_get_ts)
    final_msg_get_ts                         0x08002d75   Thumb Code    26  main.o(i.final_msg_get_ts)
    i.get_rx_timestamp_u64                   0x08002d8e   Section        0  main.o(i.get_rx_timestamp_u64)
    get_rx_timestamp_u64                     0x08002d8f   Thumb Code    38  main.o(i.get_rx_timestamp_u64)
    i.main                                   0x08002db4   Section        0  main.o(i.main)
    i.peripherals_init                       0x08003100   Section        0  port.o(i.peripherals_init)
    i.port_set_dw1000_fastrate               0x0800310a   Section        0  port.o(i.port_set_dw1000_fastrate)
    i.port_set_dw1000_slowrate               0x08003110   Section        0  port.o(i.port_set_dw1000_slowrate)
    i.readfromspi                            0x08003118   Section        0  deca_spi.o(i.readfromspi)
    i.reset_DW1000                           0x08003194   Section        0  port.o(i.reset_DW1000)
    i.writetospi                             0x080031e8   Section        0  deca_spi.o(i.writetospi)
    locale$$code                             0x0800324c   Section       44  lc_numeric_c.o(locale$$code)
    locale$$code                             0x08003278   Section       44  lc_ctype_c.o(locale$$code)
    x$fpl$dadd                               0x080032a4   Section      336  daddsub_clz.o(x$fpl$dadd)
    _dadd1                                   0x080032b5   Thumb Code     0  daddsub_clz.o(x$fpl$dadd)
    x$fpl$ddiv                               0x080033f4   Section      688  ddiv.o(x$fpl$ddiv)
    ddiv_entry                               0x080033fb   Thumb Code     0  ddiv.o(x$fpl$ddiv)
    x$fpl$dfltll                             0x080036a4   Section      162  dfltll_clz.o(x$fpl$dfltll)
    x$fpl$dfltu                              0x08003746   Section       38  dflt_clz.o(x$fpl$dfltu)
    x$fpl$dmul                               0x0800376c   Section      340  dmul.o(x$fpl$dmul)
    x$fpl$dnaninf                            0x080038c0   Section      156  dnaninf.o(x$fpl$dnaninf)
    x$fpl$dretinf                            0x0800395c   Section       12  dretinf.o(x$fpl$dretinf)
    x$fpl$dsub                               0x08003968   Section      468  daddsub_clz.o(x$fpl$dsub)
    _dsub1                                   0x08003979   Thumb Code     0  daddsub_clz.o(x$fpl$dsub)
    x$fpl$llsfromd                           0x08003b3c   Section      194  dfixll.o(x$fpl$llsfromd)
    x$fpl$printf1                            0x08003bfe   Section        4  printf1.o(x$fpl$printf1)
    x$fpl$printf2                            0x08003c02   Section        4  printf2.o(x$fpl$printf2)
    .constdata                               0x08003c06   Section        8  deca_params_init.o(.constdata)
    x$fpl$usenofp                            0x08003c06   Section        0  usenofp.o(x$fpl$usenofp)
    .constdata                               0x08003c10   Section       24  deca_params_init.o(.constdata)
    .constdata                               0x08003c28   Section       24  deca_params_init.o(.constdata)
    .constdata                               0x08003c40   Section        6  deca_params_init.o(.constdata)
    .constdata                               0x08003c46   Section        2  deca_params_init.o(.constdata)
    .constdata                               0x08003c48   Section        8  deca_params_init.o(.constdata)
    .constdata                               0x08003c50   Section        3  deca_params_init.o(.constdata)
    .constdata                               0x08003c54   Section       12  deca_params_init.o(.constdata)
    .constdata                               0x08003c60   Section        4  deca_params_init.o(.constdata)
    .constdata                               0x08003c64   Section       32  deca_params_init.o(.constdata)
    .constdata                               0x08003c84   Section       50  deca_params_init.o(.constdata)
    .constdata                               0x08003cb8   Section        8  _printf_wctomb.o(.constdata)
    initial_mbstate                          0x08003cb8   Data           8  _printf_wctomb.o(.constdata)
    .constdata                               0x08003cc0   Section       40  _printf_hex_int_ll_ptr.o(.constdata)
    uc_hextab                                0x08003cc0   Data          20  _printf_hex_int_ll_ptr.o(.constdata)
    lc_hextab                                0x08003cd4   Data          20  _printf_hex_int_ll_ptr.o(.constdata)
    .constdata                               0x08003ce8   Section       17  __printf_flags_ss_wp.o(.constdata)
    maptable                                 0x08003ce8   Data          17  __printf_flags_ss_wp.o(.constdata)
    .constdata                               0x08003cf9   Section       38  _printf_fp_hex.o(.constdata)
    lc_hextab                                0x08003cf9   Data          19  _printf_fp_hex.o(.constdata)
    uc_hextab                                0x08003d0c   Data          19  _printf_fp_hex.o(.constdata)
    .constdata                               0x08003d20   Section      148  bigflt0.o(.constdata)
    tenpwrs_x                                0x08003d20   Data          60  bigflt0.o(.constdata)
    tenpwrs_i                                0x08003d5c   Data          64  bigflt0.o(.constdata)
    locale$$data                             0x08003dd4   Section       28  lc_numeric_c.o(locale$$data)
    __lcnum_c_name                           0x08003dd8   Data           2  lc_numeric_c.o(locale$$data)
    __lcnum_c_start                          0x08003de0   Data           0  lc_numeric_c.o(locale$$data)
    __lcnum_c_point                          0x08003dec   Data           0  lc_numeric_c.o(locale$$data)
    __lcnum_c_thousands                      0x08003dee   Data           0  lc_numeric_c.o(locale$$data)
    __lcnum_c_grouping                       0x08003def   Data           0  lc_numeric_c.o(locale$$data)
    locale$$data                             0x08003df0   Section      272  lc_ctype_c.o(locale$$data)
    __lcnum_c_end                            0x08003df0   Data           0  lc_numeric_c.o(locale$$data)
    __lcctype_c_name                         0x08003df4   Data           2  lc_ctype_c.o(locale$$data)
    __lcctype_c_start                        0x08003dfc   Data           0  lc_ctype_c.o(locale$$data)
    __lcctype_c_end                          0x08003f00   Data           0  lc_ctype_c.o(locale$$data)
    .data                                    0x20000000   Section       20  stm32f10x_rcc.o(.data)
    ADCPrescTable                            0x20000000   Data           4  stm32f10x_rcc.o(.data)
    APBAHBPrescTable                         0x20000004   Data          16  stm32f10x_rcc.o(.data)
    .data                                    0x20000014   Section       20  system_stm32f10x.o(.data)
    .data                                    0x20000028   Section        4  delay.o(.data)
    fac_us                                   0x20000028   Data           1  delay.o(.data)
    fac_ms                                   0x2000002a   Data           2  delay.o(.data)
    .data                                    0x2000002c   Section        5  uart.o(.data)
    RxState                                  0x2000002c   Data           1  uart.o(.data)
    pRxPacket                                0x2000002d   Data           1  uart.o(.data)
    Serial_RxFlag1                           0x2000002e   Data           1  uart.o(.data)
    .data                                    0x20000034   Section        4  deca_device.o(.data)
    pdw1000local                             0x20000034   Data           4  deca_device.o(.data)
    .data                                    0x20000038   Section      111  main.o(.data)
    frame_seq_nb                             0x20000038   Data           1  main.o(.data)
    status_reg                               0x2000003c   Data           4  main.o(.data)
    poll_rx_ts                               0x20000040   Data           8  main.o(.data)
    resp_tx_ts                               0x20000048   Data           8  main.o(.data)
    final_rx_ts                              0x20000050   Data           8  main.o(.data)
    tof                                      0x20000058   Data           8  main.o(.data)
    distance                                 0x20000060   Data           8  main.o(.data)
    config                                   0x20000068   Data          12  main.o(.data)
    rx_poll_msg                              0x20000074   Data          12  main.o(.data)
    tx_resp_msg                              0x20000080   Data          15  main.o(.data)
    rx_final_msg                             0x2000008f   Data          24  main.o(.data)
    .bss                                     0x200000a8   Section       56  deca_device.o(.bss)
    dw1000local                              0x200000a8   Data          56  deca_device.o(.bss)
    .bss                                     0x200000e0   Section       24  main.o(.bss)
    rx_buffer                                0x200000e0   Data          24  main.o(.bss)
    .bss                                     0x200000f8   Section       96  libspace.o(.bss)
    HEAP                                     0x20000158   Section      512  startup_stm32f10x_hd.o(HEAP)
    Heap_Mem                                 0x20000158   Data         512  startup_stm32f10x_hd.o(HEAP)
    STACK                                    0x20000358   Section     1024  startup_stm32f10x_hd.o(STACK)
    Stack_Mem                                0x20000358   Data        1024  startup_stm32f10x_hd.o(STACK)
    __initial_sp                             0x20000758   Data           0  startup_stm32f10x_hd.o(STACK)

    Global Symbols

    Symbol Name                              Value     Ov Type        Size  Object(Section)

    BuildAttributes$$THM_ISAv4$P$D$K$B$S$PE$A:L22UL41UL21$X:L11$S22US41US21$IEEE1$IW$USESV6$~STKCKD$USESV7$~SHL$OTIME$ROPI$IEEEJ$EBA8$UX$STANDARDLIB$REQ8$PRES8$EABIv2 0x00000000   Number         0  anon$$obj.o ABSOLUTE
    __ARM_use_no_argv                        0x00000000   Number         0  main.o ABSOLUTE
    _printf_flags                            0x00000000   Number         0  printf_stubs.o ABSOLUTE
    _printf_return_value                     0x00000000   Number         0  printf_stubs.o ABSOLUTE
    _printf_sizespec                         0x00000000   Number         0  printf_stubs.o ABSOLUTE
    _printf_widthprec                        0x00000000   Number         0  printf_stubs.o ABSOLUTE
    __ARM_exceptions_init                     - Undefined Weak Reference
    __alloca_initialize                       - Undefined Weak Reference
    __arm_fini_                               - Undefined Weak Reference
    __arm_preinit_                            - Undefined Weak Reference
    __cpp_initialize__aeabi_                  - Undefined Weak Reference
    __cxa_finalize                            - Undefined Weak Reference
    __sigvec_lookup                           - Undefined Weak Reference
    _atexit_init                              - Undefined Weak Reference
    _call_atexit_fns                          - Undefined Weak Reference
    _clock_init                               - Undefined Weak Reference
    _fp_trap_init                             - Undefined Weak Reference
    _fp_trap_shutdown                         - Undefined Weak Reference
    _get_lc_collate                           - Undefined Weak Reference
    _get_lc_monetary                          - Undefined Weak Reference
    _get_lc_time                              - Undefined Weak Reference
    _getenv_init                              - Undefined Weak Reference
    _handle_redirection                       - Undefined Weak Reference
    _init_alloc                               - Undefined Weak Reference
    _init_user_alloc                          - Undefined Weak Reference
    _initio                                   - Undefined Weak Reference
    _printf_mbtowc                            - Undefined Weak Reference
    _printf_wc                                - Undefined Weak Reference
    _rand_init                                - Undefined Weak Reference
    _signal_finish                            - Undefined Weak Reference
    _signal_init                              - Undefined Weak Reference
    _terminate_alloc                          - Undefined Weak Reference
    _terminate_user_alloc                     - Undefined Weak Reference
    _terminateio                              - Undefined Weak Reference
    __Vectors_Size                           0x00000130   Number         0  startup_stm32f10x_hd.o ABSOLUTE
    __Vectors                                0x08000000   Data           4  startup_stm32f10x_hd.o(RESET)
    __Vectors_End                            0x08000130   Data           0  startup_stm32f10x_hd.o(RESET)
    __main                                   0x08000131   Thumb Code     8  __main.o(!!!main)
    __scatterload                            0x08000139   Thumb Code     0  __scatter.o(!!!scatter)
    __scatterload_rt2                        0x08000139   Thumb Code    44  __scatter.o(!!!scatter)
    __scatterload_rt2_thumb_only             0x08000139   Thumb Code     0  __scatter.o(!!!scatter)
    __scatterload_null                       0x08000147   Thumb Code     0  __scatter.o(!!!scatter)
    __scatterload_copy                       0x0800016d   Thumb Code    26  __scatter_copy.o(!!handler_copy)
    __scatterload_zeroinit                   0x08000189   Thumb Code    28  __scatter_zi.o(!!handler_zi)
    _printf_n                                0x080001a5   Thumb Code     0  _printf_n.o(.ARM.Collect$$_printf_percent$$00000001)
    _printf_percent                          0x080001a5   Thumb Code     0  _printf_percent.o(.ARM.Collect$$_printf_percent$$00000000)
    _printf_p                                0x080001ab   Thumb Code     0  _printf_p.o(.ARM.Collect$$_printf_percent$$00000002)
    _printf_f                                0x080001b1   Thumb Code     0  _printf_f.o(.ARM.Collect$$_printf_percent$$00000003)
    _printf_e                                0x080001b7   Thumb Code     0  _printf_e.o(.ARM.Collect$$_printf_percent$$00000004)
    _printf_g                                0x080001bd   Thumb Code     0  _printf_g.o(.ARM.Collect$$_printf_percent$$00000005)
    _printf_a                                0x080001c3   Thumb Code     0  _printf_a.o(.ARM.Collect$$_printf_percent$$00000006)
    _printf_ll                               0x080001c9   Thumb Code     0  _printf_ll.o(.ARM.Collect$$_printf_percent$$00000007)
    _printf_i                                0x080001d3   Thumb Code     0  _printf_i.o(.ARM.Collect$$_printf_percent$$00000008)
    _printf_d                                0x080001d9   Thumb Code     0  _printf_d.o(.ARM.Collect$$_printf_percent$$00000009)
    _printf_u                                0x080001df   Thumb Code     0  _printf_u.o(.ARM.Collect$$_printf_percent$$0000000A)
    _printf_o                                0x080001e5   Thumb Code     0  _printf_o.o(.ARM.Collect$$_printf_percent$$0000000B)
    _printf_x                                0x080001eb   Thumb Code     0  _printf_x.o(.ARM.Collect$$_printf_percent$$0000000C)
    _printf_lli                              0x080001f1   Thumb Code     0  _printf_lli.o(.ARM.Collect$$_printf_percent$$0000000D)
    _printf_lld                              0x080001f7   Thumb Code     0  _printf_lld.o(.ARM.Collect$$_printf_percent$$0000000E)
    _printf_llu                              0x080001fd   Thumb Code     0  _printf_llu.o(.ARM.Collect$$_printf_percent$$0000000F)
    _printf_llo                              0x08000203   Thumb Code     0  _printf_llo.o(.ARM.Collect$$_printf_percent$$00000010)
    _printf_llx                              0x08000209   Thumb Code     0  _printf_llx.o(.ARM.Collect$$_printf_percent$$00000011)
    _printf_l                                0x0800020f   Thumb Code     0  _printf_l.o(.ARM.Collect$$_printf_percent$$00000012)
    _printf_c                                0x08000219   Thumb Code     0  _printf_c.o(.ARM.Collect$$_printf_percent$$00000013)
    _printf_s                                0x0800021f   Thumb Code     0  _printf_s.o(.ARM.Collect$$_printf_percent$$00000014)
    _printf_lc                               0x08000225   Thumb Code     0  _printf_lc.o(.ARM.Collect$$_printf_percent$$00000015)
    _printf_ls                               0x0800022b   Thumb Code     0  _printf_ls.o(.ARM.Collect$$_printf_percent$$00000016)
    _printf_percent_end                      0x08000231   Thumb Code     0  _printf_percent_end.o(.ARM.Collect$$_printf_percent$$00000017)
    __rt_lib_init                            0x08000235   Thumb Code     0  libinit.o(.ARM.Collect$$libinit$$00000000)
    __rt_lib_init_fp_1                       0x08000237   Thumb Code     0  libinit2.o(.ARM.Collect$$libinit$$00000002)
    __rt_lib_init_heap_1                     0x08000237   Thumb Code     0  libinit2.o(.ARM.Collect$$libinit$$0000000A)
    __rt_lib_init_lc_common                  0x08000237   Thumb Code     0  libinit2.o(.ARM.Collect$$libinit$$0000000F)
    __rt_lib_init_preinit_1                  0x08000237   Thumb Code     0  libinit2.o(.ARM.Collect$$libinit$$00000004)
    __rt_lib_init_rand_1                     0x08000237   Thumb Code     0  libinit2.o(.ARM.Collect$$libinit$$0000000E)
    __rt_lib_init_user_alloc_1               0x08000237   Thumb Code     0  libinit2.o(.ARM.Collect$$libinit$$0000000C)
    __rt_lib_init_lc_collate_1               0x0800023d   Thumb Code     0  libinit2.o(.ARM.Collect$$libinit$$00000011)
    __rt_lib_init_lc_ctype_2                 0x0800023d   Thumb Code     0  libinit2.o(.ARM.Collect$$libinit$$00000012)
    __rt_lib_init_lc_ctype_1                 0x08000249   Thumb Code     0  libinit2.o(.ARM.Collect$$libinit$$00000013)
    __rt_lib_init_lc_monetary_1              0x08000249   Thumb Code     0  libinit2.o(.ARM.Collect$$libinit$$00000015)
    __rt_lib_init_lc_numeric_2               0x08000249   Thumb Code     0  libinit2.o(.ARM.Collect$$libinit$$00000016)
    __rt_lib_init_alloca_1                   0x08000253   Thumb Code     0  libinit2.o(.ARM.Collect$$libinit$$0000002E)
    __rt_lib_init_argv_1                     0x08000253   Thumb Code     0  libinit2.o(.ARM.Collect$$libinit$$0000002C)
    __rt_lib_init_atexit_1                   0x08000253   Thumb Code     0  libinit2.o(.ARM.Collect$$libinit$$0000001B)
    __rt_lib_init_clock_1                    0x08000253   Thumb Code     0  libinit2.o(.ARM.Collect$$libinit$$00000021)
    __rt_lib_init_cpp_1                      0x08000253   Thumb Code     0  libinit2.o(.ARM.Collect$$libinit$$00000032)
    __rt_lib_init_exceptions_1               0x08000253   Thumb Code     0  libinit2.o(.ARM.Collect$$libinit$$00000030)
    __rt_lib_init_fp_trap_1                  0x08000253   Thumb Code     0  libinit2.o(.ARM.Collect$$libinit$$0000001F)
    __rt_lib_init_getenv_1                   0x08000253   Thumb Code     0  libinit2.o(.ARM.Collect$$libinit$$00000023)
    __rt_lib_init_lc_numeric_1               0x08000253   Thumb Code     0  libinit2.o(.ARM.Collect$$libinit$$00000017)
    __rt_lib_init_lc_time_1                  0x08000253   Thumb Code     0  libinit2.o(.ARM.Collect$$libinit$$00000019)
    __rt_lib_init_return                     0x08000253   Thumb Code     0  libinit2.o(.ARM.Collect$$libinit$$00000033)
    __rt_lib_init_signal_1                   0x08000253   Thumb Code     0  libinit2.o(.ARM.Collect$$libinit$$0000001D)
    __rt_lib_init_stdio_1                    0x08000253   Thumb Code     0  libinit2.o(.ARM.Collect$$libinit$$00000025)
    __rt_lib_shutdown                        0x08000255   Thumb Code     0  libshutdown.o(.ARM.Collect$$libshutdown$$00000000)
    __rt_lib_shutdown_cpp_1                  0x08000257   Thumb Code     0  libshutdown2.o(.ARM.Collect$$libshutdown$$00000004)
    __rt_lib_shutdown_fini_1                 0x08000257   Thumb Code     0  libshutdown2.o(.ARM.Collect$$libshutdown$$00000002)
    __rt_lib_shutdown_fp_trap_1              0x08000257   Thumb Code     0  libshutdown2.o(.ARM.Collect$$libshutdown$$00000009)
    __rt_lib_shutdown_heap_1                 0x08000257   Thumb Code     0  libshutdown2.o(.ARM.Collect$$libshutdown$$00000011)
    __rt_lib_shutdown_return                 0x08000257   Thumb Code     0  libshutdown2.o(.ARM.Collect$$libshutdown$$00000012)
    __rt_lib_shutdown_signal_1               0x08000257   Thumb Code     0  libshutdown2.o(.ARM.Collect$$libshutdown$$0000000C)
    __rt_lib_shutdown_stdio_1                0x08000257   Thumb Code     0  libshutdown2.o(.ARM.Collect$$libshutdown$$00000006)
    __rt_lib_shutdown_user_alloc_1           0x08000257   Thumb Code     0  libshutdown2.o(.ARM.Collect$$libshutdown$$0000000E)
    __rt_entry                               0x08000259   Thumb Code     0  __rtentry.o(.ARM.Collect$$rtentry$$00000000)
    __rt_entry_presh_1                       0x08000259   Thumb Code     0  __rtentry2.o(.ARM.Collect$$rtentry$$00000002)
    __rt_entry_sh                            0x08000259   Thumb Code     0  __rtentry4.o(.ARM.Collect$$rtentry$$00000004)
    __rt_entry_li                            0x0800025f   Thumb Code     0  __rtentry2.o(.ARM.Collect$$rtentry$$0000000A)
    __rt_entry_postsh_1                      0x0800025f   Thumb Code     0  __rtentry2.o(.ARM.Collect$$rtentry$$00000009)
    __rt_entry_main                          0x08000263   Thumb Code     0  __rtentry2.o(.ARM.Collect$$rtentry$$0000000D)
    __rt_entry_postli_1                      0x08000263   Thumb Code     0  __rtentry2.o(.ARM.Collect$$rtentry$$0000000C)
    __rt_exit                                0x0800026b   Thumb Code     0  rtexit.o(.ARM.Collect$$rtexit$$00000000)
    __rt_exit_ls                             0x0800026d   Thumb Code     0  rtexit2.o(.ARM.Collect$$rtexit$$00000003)
    __rt_exit_prels_1                        0x0800026d   Thumb Code     0  rtexit2.o(.ARM.Collect$$rtexit$$00000002)
    __rt_exit_exit                           0x08000271   Thumb Code     0  rtexit2.o(.ARM.Collect$$rtexit$$00000004)
    Reset_Handler                            0x08000279   Thumb Code     8  startup_stm32f10x_hd.o(.text)
    ADC1_2_IRQHandler                        0x08000293   Thumb Code     0  startup_stm32f10x_hd.o(.text)
    ADC3_IRQHandler                          0x08000293   Thumb Code     0  startup_stm32f10x_hd.o(.text)
    CAN1_RX1_IRQHandler                      0x08000293   Thumb Code     0  startup_stm32f10x_hd.o(.text)
    CAN1_SCE_IRQHandler                      0x08000293   Thumb Code     0  startup_stm32f10x_hd.o(.text)
    DMA1_Channel1_IRQHandler                 0x08000293   Thumb Code     0  startup_stm32f10x_hd.o(.text)
    DMA1_Channel2_IRQHandler                 0x08000293   Thumb Code     0  startup_stm32f10x_hd.o(.text)
    DMA1_Channel3_IRQHandler                 0x08000293   Thumb Code     0  startup_stm32f10x_hd.o(.text)
    DMA1_Channel4_IRQHandler                 0x08000293   Thumb Code     0  startup_stm32f10x_hd.o(.text)
    DMA1_Channel5_IRQHandler                 0x08000293   Thumb Code     0  startup_stm32f10x_hd.o(.text)
    DMA1_Channel6_IRQHandler                 0x08000293   Thumb Code     0  startup_stm32f10x_hd.o(.text)
    DMA1_Channel7_IRQHandler                 0x08000293   Thumb Code     0  startup_stm32f10x_hd.o(.text)
    DMA2_Channel1_IRQHandler                 0x08000293   Thumb Code     0  startup_stm32f10x_hd.o(.text)
    DMA2_Channel2_IRQHandler                 0x08000293   Thumb Code     0  startup_stm32f10x_hd.o(.text)
    DMA2_Channel3_IRQHandler                 0x08000293   Thumb Code     0  startup_stm32f10x_hd.o(.text)
    DMA2_Channel4_5_IRQHandler               0x08000293   Thumb Code     0  startup_stm32f10x_hd.o(.text)
    EXTI0_IRQHandler                         0x08000293   Thumb Code     0  startup_stm32f10x_hd.o(.text)
    EXTI15_10_IRQHandler                     0x08000293   Thumb Code     0  startup_stm32f10x_hd.o(.text)
    EXTI1_IRQHandler                         0x08000293   Thumb Code     0  startup_stm32f10x_hd.o(.text)
    EXTI2_IRQHandler                         0x08000293   Thumb Code     0  startup_stm32f10x_hd.o(.text)
    EXTI3_IRQHandler                         0x08000293   Thumb Code     0  startup_stm32f10x_hd.o(.text)
    EXTI4_IRQHandler                         0x08000293   Thumb Code     0  startup_stm32f10x_hd.o(.text)
    EXTI9_5_IRQHandler                       0x08000293   Thumb Code     0  startup_stm32f10x_hd.o(.text)
    FLASH_IRQHandler                         0x08000293   Thumb Code     0  startup_stm32f10x_hd.o(.text)
    FSMC_IRQHandler                          0x08000293   Thumb Code     0  startup_stm32f10x_hd.o(.text)
    I2C1_ER_IRQHandler                       0x08000293   Thumb Code     0  startup_stm32f10x_hd.o(.text)
    I2C1_EV_IRQHandler                       0x08000293   Thumb Code     0  startup_stm32f10x_hd.o(.text)
    I2C2_ER_IRQHandler                       0x08000293   Thumb Code     0  startup_stm32f10x_hd.o(.text)
    I2C2_EV_IRQHandler                       0x08000293   Thumb Code     0  startup_stm32f10x_hd.o(.text)
    PVD_IRQHandler                           0x08000293   Thumb Code     0  startup_stm32f10x_hd.o(.text)
    RCC_IRQHandler                           0x08000293   Thumb Code     0  startup_stm32f10x_hd.o(.text)
    RTCAlarm_IRQHandler                      0x08000293   Thumb Code     0  startup_stm32f10x_hd.o(.text)
    RTC_IRQHandler                           0x08000293   Thumb Code     0  startup_stm32f10x_hd.o(.text)
    SDIO_IRQHandler                          0x08000293   Thumb Code     0  startup_stm32f10x_hd.o(.text)
    SPI1_IRQHandler                          0x08000293   Thumb Code     0  startup_stm32f10x_hd.o(.text)
    SPI2_IRQHandler                          0x08000293   Thumb Code     0  startup_stm32f10x_hd.o(.text)
    SPI3_IRQHandler                          0x08000293   Thumb Code     0  startup_stm32f10x_hd.o(.text)
    TAMPER_IRQHandler                        0x08000293   Thumb Code     0  startup_stm32f10x_hd.o(.text)
    TIM1_BRK_IRQHandler                      0x08000293   Thumb Code     0  startup_stm32f10x_hd.o(.text)
    TIM1_CC_IRQHandler                       0x08000293   Thumb Code     0  startup_stm32f10x_hd.o(.text)
    TIM1_TRG_COM_IRQHandler                  0x08000293   Thumb Code     0  startup_stm32f10x_hd.o(.text)
    TIM1_UP_IRQHandler                       0x08000293   Thumb Code     0  startup_stm32f10x_hd.o(.text)
    TIM2_IRQHandler                          0x08000293   Thumb Code     0  startup_stm32f10x_hd.o(.text)
    TIM3_IRQHandler                          0x08000293   Thumb Code     0  startup_stm32f10x_hd.o(.text)
    TIM4_IRQHandler                          0x08000293   Thumb Code     0  startup_stm32f10x_hd.o(.text)
    TIM5_IRQHandler                          0x08000293   Thumb Code     0  startup_stm32f10x_hd.o(.text)
    TIM6_IRQHandler                          0x08000293   Thumb Code     0  startup_stm32f10x_hd.o(.text)
    TIM7_IRQHandler                          0x08000293   Thumb Code     0  startup_stm32f10x_hd.o(.text)
    TIM8_BRK_IRQHandler                      0x08000293   Thumb Code     0  startup_stm32f10x_hd.o(.text)
    TIM8_CC_IRQHandler                       0x08000293   Thumb Code     0  startup_stm32f10x_hd.o(.text)
    TIM8_TRG_COM_IRQHandler                  0x08000293   Thumb Code     0  startup_stm32f10x_hd.o(.text)
    TIM8_UP_IRQHandler                       0x08000293   Thumb Code     0  startup_stm32f10x_hd.o(.text)
    UART4_IRQHandler                         0x08000293   Thumb Code     0  startup_stm32f10x_hd.o(.text)
    UART5_IRQHandler                         0x08000293   Thumb Code     0  startup_stm32f10x_hd.o(.text)
    USART2_IRQHandler                        0x08000293   Thumb Code     0  startup_stm32f10x_hd.o(.text)
    USART3_IRQHandler                        0x08000293   Thumb Code     0  startup_stm32f10x_hd.o(.text)
    USBWakeUp_IRQHandler                     0x08000293   Thumb Code     0  startup_stm32f10x_hd.o(.text)
    USB_HP_CAN1_TX_IRQHandler                0x08000293   Thumb Code     0  startup_stm32f10x_hd.o(.text)
    USB_LP_CAN1_RX0_IRQHandler               0x08000293   Thumb Code     0  startup_stm32f10x_hd.o(.text)
    WWDG_IRQHandler                          0x08000293   Thumb Code     0  startup_stm32f10x_hd.o(.text)
    __user_initial_stackheap                 0x08000295   Thumb Code     0  startup_stm32f10x_hd.o(.text)
    vsprintf                                 0x080002b9   Thumb Code    32  vsprintf.o(.text)
    memcmp                                   0x080002dd   Thumb Code    88  memcmp.o(.text)
    __use_two_region_memory                  0x08000335   Thumb Code     2  heapauxi.o(.text)
    __rt_heap_escrow$2region                 0x08000337   Thumb Code     2  heapauxi.o(.text)
    __rt_heap_expand$2region                 0x08000339   Thumb Code     2  heapauxi.o(.text)
    _printf_pre_padding                      0x0800033b   Thumb Code    44  _printf_pad.o(.text)
    _printf_post_padding                     0x08000367   Thumb Code    34  _printf_pad.o(.text)
    _printf_truncate_signed                  0x08000389   Thumb Code    18  _printf_truncate.o(.text)
    _printf_truncate_unsigned                0x0800039b   Thumb Code    18  _printf_truncate.o(.text)
    _printf_str                              0x080003ad   Thumb Code    82  _printf_str.o(.text)
    _printf_int_dec                          0x08000401   Thumb Code   104  _printf_dec.o(.text)
    _printf_charcount                        0x08000479   Thumb Code    40  _printf_charcount.o(.text)
    _printf_char_common                      0x080004ab   Thumb Code    32  _printf_char_common.o(.text)
    _sputc                                   0x080004d1   Thumb Code    10  _sputc.o(.text)
    _printf_wctomb                           0x080004dd   Thumb Code   182  _printf_wctomb.o(.text)
    _printf_longlong_dec                     0x08000599   Thumb Code   108  _printf_longlong_dec.o(.text)
    _printf_longlong_oct                     0x08000615   Thumb Code    66  _printf_oct_int_ll.o(.text)
    _printf_int_oct                          0x08000657   Thumb Code    24  _printf_oct_int_ll.o(.text)
    _printf_ll_oct                           0x0800066f   Thumb Code    12  _printf_oct_int_ll.o(.text)
    _printf_longlong_hex                     0x08000685   Thumb Code    86  _printf_hex_int_ll_ptr.o(.text)
    _printf_int_hex                          0x080006db   Thumb Code    28  _printf_hex_int_ll_ptr.o(.text)
    _printf_ll_hex                           0x080006f7   Thumb Code    12  _printf_hex_int_ll_ptr.o(.text)
    _printf_hex_ptr                          0x08000703   Thumb Code    18  _printf_hex_int_ll_ptr.o(.text)
    __printf                                 0x08000719   Thumb Code   388  __printf_flags_ss_wp.o(.text)
    _ll_udiv10                               0x080008a1   Thumb Code   138  lludiv10.o(.text)
    _printf_int_common                       0x0800092b   Thumb Code   178  _printf_intcommon.o(.text)
    __lib_sel_fp_printf                      0x080009dd   Thumb Code     2  _printf_fp_dec.o(.text)
    _printf_fp_dec_real                      0x08000b8f   Thumb Code   620  _printf_fp_dec.o(.text)
    _printf_fp_hex_real                      0x08000dfd   Thumb Code   756  _printf_fp_hex.o(.text)
    _printf_cs_common                        0x080010f9   Thumb Code    20  _printf_char.o(.text)
    _printf_char                             0x0800110d   Thumb Code    16  _printf_char.o(.text)
    _printf_string                           0x0800111d   Thumb Code     8  _printf_char.o(.text)
    _printf_lcs_common                       0x08001125   Thumb Code    20  _printf_wchar.o(.text)
    _printf_wchar                            0x08001139   Thumb Code    16  _printf_wchar.o(.text)
    _printf_wstring                          0x08001149   Thumb Code     8  _printf_wchar.o(.text)
    _wcrtomb                                 0x08001151   Thumb Code    64  _wcrtomb.o(.text)
    __user_setup_stackheap                   0x08001191   Thumb Code    74  sys_stackheap_outer.o(.text)
    __rt_ctype_table                         0x080011dd   Thumb Code    16  rt_ctype_table.o(.text)
    __rt_locale                              0x080011ed   Thumb Code     8  rt_locale_intlibspace.o(.text)
    _printf_fp_infnan                        0x080011f5   Thumb Code   112  _printf_fp_infnan.o(.text)
    _btod_etento                             0x08001275   Thumb Code   224  bigflt0.o(.text)
    exit                                     0x08001359   Thumb Code    18  exit.o(.text)
    __user_libspace                          0x0800136d   Thumb Code     8  libspace.o(.text)
    __user_perproc_libspace                  0x0800136d   Thumb Code     0  libspace.o(.text)
    __user_perthread_libspace                0x0800136d   Thumb Code     0  libspace.o(.text)
    strcmp                                   0x08001375   Thumb Code   128  strcmpv7m.o(.text)
    _sys_exit                                0x080013f5   Thumb Code     8  sys_exit.o(.text)
    __I$use$semihosting                      0x08001401   Thumb Code     0  use_no_semi.o(.text)
    __use_no_semihosting_swi                 0x08001401   Thumb Code     2  use_no_semi.o(.text)
    __semihosting_library_function           0x08001403   Thumb Code     0  indicate_semi.o(.text)
    _btod_d2e                                0x08001403   Thumb Code    62  btod.o(CL$$btod_d2e)
    _d2e_denorm_low                          0x08001441   Thumb Code    70  btod.o(CL$$btod_d2e_denorm_low)
    _d2e_norm_op1                            0x08001487   Thumb Code    96  btod.o(CL$$btod_d2e_norm_op1)
    __btod_div_common                        0x080014e7   Thumb Code   696  btod.o(CL$$btod_div_common)
    _e2e                                     0x0800181f   Thumb Code   220  btod.o(CL$$btod_e2e)
    _btod_ediv                               0x080018fb   Thumb Code    42  btod.o(CL$$btod_ediv)
    _btod_emul                               0x08001925   Thumb Code    42  btod.o(CL$$btod_emul)
    __btod_mult_common                       0x0800194f   Thumb Code   580  btod.o(CL$$btod_mult_common)
    BusFault_Handler                         0x08001b93   Thumb Code     2  stm32f10x_it.o(i.BusFault_Handler)
    DebugMon_Handler                         0x08001b95   Thumb Code     2  stm32f10x_it.o(i.DebugMon_Handler)
    EXTI_GetITEnStatus                       0x08001b99   Thumb Code    16  port.o(i.EXTI_GetITEnStatus)
    GPIO_Init                                0x08001bad   Thumb Code   162  stm32f10x_gpio.o(i.GPIO_Init)
    GPIO_ResetBits                           0x08001c4f   Thumb Code     4  stm32f10x_gpio.o(i.GPIO_ResetBits)
    GPIO_SetBits                             0x08001c53   Thumb Code     4  stm32f10x_gpio.o(i.GPIO_SetBits)
    GPIO_WriteBit                            0x08001c57   Thumb Code    10  stm32f10x_gpio.o(i.GPIO_WriteBit)
    HardFault_Handler                        0x08001c61   Thumb Code     2  stm32f10x_it.o(i.HardFault_Handler)
    MemManage_Handler                        0x08001c63   Thumb Code     2  stm32f10x_it.o(i.MemManage_Handler)
    NMI_Handler                              0x08001c65   Thumb Code     2  stm32f10x_it.o(i.NMI_Handler)
    NVIC_Init                                0x08001c69   Thumb Code    94  misc.o(i.NVIC_Init)
    PendSV_Handler                           0x08001ccd   Thumb Code     2  stm32f10x_it.o(i.PendSV_Handler)
    RCC_APB1PeriphResetCmd                   0x08001cd1   Thumb Code    18  stm32f10x_rcc.o(i.RCC_APB1PeriphResetCmd)
    RCC_APB2PeriphClockCmd                   0x08001ce9   Thumb Code    18  stm32f10x_rcc.o(i.RCC_APB2PeriphClockCmd)
    RCC_APB2PeriphResetCmd                   0x08001d01   Thumb Code    18  stm32f10x_rcc.o(i.RCC_APB2PeriphResetCmd)
    RCC_GetClocksFreq                        0x08001d19   Thumb Code   140  stm32f10x_rcc.o(i.RCC_GetClocksFreq)
    SPI_ChangeRate                           0x08001db9   Thumb Code    14  port.o(i.SPI_ChangeRate)
    SPI_Cmd                                  0x08001dcd   Thumb Code    20  stm32f10x_spi.o(i.SPI_Cmd)
    SPI_Configuration                        0x08001de1   Thumb Code   178  port.o(i.SPI_Configuration)
    SPI_I2S_DeInit                           0x08001e9d   Thumb Code    72  stm32f10x_spi.o(i.SPI_I2S_DeInit)
    SPI_I2S_GetFlagStatus                    0x08001ef1   Thumb Code    14  stm32f10x_spi.o(i.SPI_I2S_GetFlagStatus)
    SPI_Init                                 0x08001eff   Thumb Code    56  stm32f10x_spi.o(i.SPI_Init)
    SPI_SSOutputCmd                          0x08001f37   Thumb Code    20  stm32f10x_spi.o(i.SPI_SSOutputCmd)
    SVC_Handler                              0x08001f4b   Thumb Code     2  stm32f10x_it.o(i.SVC_Handler)
    Serial_Printf                            0x08001f4d   Thumb Code    36  uart.o(i.Serial_Printf)
    Sleep                                    0x0800201d   Thumb Code     6  port.o(i.Sleep)
    SysTick_CLKSourceConfig                  0x08002023   Thumb Code    24  misc.o(i.SysTick_CLKSourceConfig)
    SysTick_Handler                          0x0800203b   Thumb Code     2  stm32f10x_it.o(i.SysTick_Handler)
    SystemInit                               0x0800203d   Thumb Code    64  system_stm32f10x.o(i.SystemInit)
    UART_Init                                0x0800208d   Thumb Code   164  uart.o(i.UART_Init)
    UART_SendData                            0x08002139   Thumb Code    30  uart.o(i.UART_SendData)
    UART_SendStr                             0x08002157   Thumb Code    30  uart.o(i.UART_SendStr)
    USART1_IRQHandler                        0x08002175   Thumb Code   112  uart.o(i.USART1_IRQHandler)
    USART_ClearITPendingBit                  0x080021ed   Thumb Code    12  stm32f10x_usart.o(i.USART_ClearITPendingBit)
    USART_Cmd                                0x080021f9   Thumb Code    20  stm32f10x_usart.o(i.USART_Cmd)
    USART_GetFlagStatus                      0x0800220d   Thumb Code    14  stm32f10x_usart.o(i.USART_GetFlagStatus)
    USART_GetITStatus                        0x0800221b   Thumb Code    62  stm32f10x_usart.o(i.USART_GetITStatus)
    USART_ITConfig                           0x08002259   Thumb Code    48  stm32f10x_usart.o(i.USART_ITConfig)
    USART_Init                               0x08002289   Thumb Code   166  stm32f10x_usart.o(i.USART_Init)
    USART_ReceiveData                        0x08002335   Thumb Code     8  stm32f10x_usart.o(i.USART_ReceiveData)
    USART_SendData                           0x0800233d   Thumb Code     8  stm32f10x_usart.o(i.USART_SendData)
    UsageFault_Handler                       0x08002345   Thumb Code     2  stm32f10x_it.o(i.UsageFault_Handler)
    __ARM_fpclassify                         0x08002347   Thumb Code    40  fpclassify.o(i.__ARM_fpclassify)
    _dwt_aonarrayupload                      0x0800236f   Thumb Code    26  deca_device.o(i._dwt_aonarrayupload)
    _dwt_configlde                           0x08002389   Thumb Code    42  deca_device.o(i._dwt_configlde)
    _dwt_disablesequencing                   0x080023b3   Thumb Code    22  deca_device.o(i._dwt_disablesequencing)
    _dwt_enableclocks                        0x080023c9   Thumb Code   206  deca_device.o(i._dwt_enableclocks)
    _dwt_loaducodefromrom                    0x08002497   Thumb Code    36  deca_device.o(i._dwt_loaducodefromrom)
    _dwt_otpread                             0x080024bb   Thumb Code    44  deca_device.o(i._dwt_otpread)
    _is_digit                                0x080024e7   Thumb Code    14  __printf_wp.o(i._is_digit)
    deca_sleep                               0x080024f5   Thumb Code     4  deca_sleep.o(i.deca_sleep)
    decamutexoff                             0x080024f9   Thumb Code    18  deca_mutex.o(i.decamutexoff)
    decamutexon                              0x0800250b   Thumb Code    26  deca_mutex.o(i.decamutexon)
    delay_init                               0x08002525   Thumb Code    46  delay.o(i.delay_init)
    delay_ms                                 0x08002561   Thumb Code    46  delay.o(i.delay_ms)
    delay_us                                 0x08002595   Thumb Code    46  delay.o(i.delay_us)
    dwt_configure                            0x080025c9   Thumb Code   488  deca_device.o(i.dwt_configure)
    dwt_forcetrxoff                          0x080027e1   Thumb Code    78  deca_device.o(i.dwt_forcetrxoff)
    dwt_initialise                           0x08002839   Thumb Code   354  deca_device.o(i.dwt_initialise)
    dwt_read16bitoffsetreg                   0x080029a5   Thumb Code    30  deca_device.o(i.dwt_read16bitoffsetreg)
    dwt_read32bitoffsetreg                   0x080029c3   Thumb Code    34  deca_device.o(i.dwt_read32bitoffsetreg)
    dwt_read8bitoffsetreg                    0x080029e5   Thumb Code    20  deca_device.o(i.dwt_read8bitoffsetreg)
    dwt_readdevid                            0x080029f9   Thumb Code     8  deca_device.o(i.dwt_readdevid)
    dwt_readfromdevice                       0x08002a01   Thumb Code    58  deca_device.o(i.dwt_readfromdevice)
    dwt_readrxdata                           0x08002a3b   Thumb Code    18  deca_device.o(i.dwt_readrxdata)
    dwt_readrxtimestamp                      0x08002a4d   Thumb Code    12  deca_device.o(i.dwt_readrxtimestamp)
    dwt_readtxtimestamp                      0x08002a59   Thumb Code    12  deca_device.o(i.dwt_readtxtimestamp)
    dwt_rxenable                             0x08002a65   Thumb Code    78  deca_device.o(i.dwt_rxenable)
    dwt_rxreset                              0x08002ab3   Thumb Code    26  deca_device.o(i.dwt_rxreset)
    dwt_setdelayedtrxtime                    0x08002acd   Thumb Code    10  deca_device.o(i.dwt_setdelayedtrxtime)
    dwt_setleds                              0x08002ad9   Thumb Code   110  deca_device.o(i.dwt_setleds)
    dwt_setpreambledetecttimeout             0x08002b4d   Thumb Code    10  deca_device.o(i.dwt_setpreambledetecttimeout)
    dwt_setrxaftertxdelay                    0x08002b57   Thumb Code    34  deca_device.o(i.dwt_setrxaftertxdelay)
    dwt_setrxantennadelay                    0x08002b79   Thumb Code    12  deca_device.o(i.dwt_setrxantennadelay)
    dwt_setrxtimeout                         0x08002b85   Thumb Code    68  deca_device.o(i.dwt_setrxtimeout)
    dwt_settxantennadelay                    0x08002bcd   Thumb Code    10  deca_device.o(i.dwt_settxantennadelay)
    dwt_setxtaltrim                          0x08002bd7   Thumb Code    16  deca_device.o(i.dwt_setxtaltrim)
    dwt_softreset                            0x08002be9   Thumb Code    66  deca_device.o(i.dwt_softreset)
    dwt_starttx                              0x08002c31   Thumb Code    82  deca_device.o(i.dwt_starttx)
    dwt_syncrxbufptrs                        0x08002c89   Thumb Code    40  deca_device.o(i.dwt_syncrxbufptrs)
    dwt_write16bitoffsetreg                  0x08002cb1   Thumb Code    26  deca_device.o(i.dwt_write16bitoffsetreg)
    dwt_write32bitoffsetreg                  0x08002ccb   Thumb Code    30  deca_device.o(i.dwt_write32bitoffsetreg)
    dwt_write8bitoffsetreg                   0x08002ce9   Thumb Code    16  deca_device.o(i.dwt_write8bitoffsetreg)
    dwt_writetodevice                        0x08002cf9   Thumb Code    62  deca_device.o(i.dwt_writetodevice)
    dwt_writetxdata                          0x08002d37   Thumb Code    34  deca_device.o(i.dwt_writetxdata)
    dwt_writetxfctrl                         0x08002d59   Thumb Code    24  deca_device.o(i.dwt_writetxfctrl)
    main                                     0x08002db5   Thumb Code   726  main.o(i.main)
    peripherals_init                         0x08003101   Thumb Code    10  port.o(i.peripherals_init)
    port_set_dw1000_fastrate                 0x0800310b   Thumb Code     6  port.o(i.port_set_dw1000_fastrate)
    port_set_dw1000_slowrate                 0x08003111   Thumb Code     6  port.o(i.port_set_dw1000_slowrate)
    readfromspi                              0x08003119   Thumb Code   114  deca_spi.o(i.readfromspi)
    reset_DW1000                             0x08003195   Thumb Code    78  port.o(i.reset_DW1000)
    writetospi                               0x080031e9   Thumb Code    90  deca_spi.o(i.writetospi)
    _get_lc_numeric                          0x0800324d   Thumb Code    44  lc_numeric_c.o(locale$$code)
    _get_lc_ctype                            0x08003279   Thumb Code    44  lc_ctype_c.o(locale$$code)
    __aeabi_dadd                             0x080032a5   Thumb Code     0  daddsub_clz.o(x$fpl$dadd)
    _dadd                                    0x080032a5   Thumb Code   332  daddsub_clz.o(x$fpl$dadd)
    __aeabi_ddiv                             0x080033f5   Thumb Code     0  ddiv.o(x$fpl$ddiv)
    _ddiv                                    0x080033f5   Thumb Code   552  ddiv.o(x$fpl$ddiv)
    __aeabi_l2d                              0x080036a5   Thumb Code     0  dfltll_clz.o(x$fpl$dfltll)
    _ll_sto_d                                0x080036a5   Thumb Code   162  dfltll_clz.o(x$fpl$dfltll)
    __aeabi_ui2d                             0x08003747   Thumb Code     0  dflt_clz.o(x$fpl$dfltu)
    _dfltu                                   0x08003747   Thumb Code    38  dflt_clz.o(x$fpl$dfltu)
    __aeabi_dmul                             0x0800376d   Thumb Code     0  dmul.o(x$fpl$dmul)
    _dmul                                    0x0800376d   Thumb Code   332  dmul.o(x$fpl$dmul)
    __fpl_dnaninf                            0x080038c1   Thumb Code   156  dnaninf.o(x$fpl$dnaninf)
    __fpl_dretinf                            0x0800395d   Thumb Code    12  dretinf.o(x$fpl$dretinf)
    __aeabi_dsub                             0x08003969   Thumb Code     0  daddsub_clz.o(x$fpl$dsub)
    _dsub                                    0x08003969   Thumb Code   464  daddsub_clz.o(x$fpl$dsub)
    __aeabi_d2lz                             0x08003b3d   Thumb Code     0  dfixll.o(x$fpl$llsfromd)
    _ll_sfrom_d                              0x08003b3d   Thumb Code   194  dfixll.o(x$fpl$llsfromd)
    _printf_fp_dec                           0x08003bff   Thumb Code     4  printf1.o(x$fpl$printf1)
    _printf_fp_hex                           0x08003c03   Thumb Code     4  printf2.o(x$fpl$printf2)
    __I$use$fp                               0x08003c06   Number         0  usenofp.o(x$fpl$usenofp)
    chan_idx                                 0x08003c06   Data           8  deca_params_init.o(.constdata)
    tx_config                                0x08003c10   Data          24  deca_params_init.o(.constdata)
    fs_pll_cfg                               0x08003c28   Data          24  deca_params_init.o(.constdata)
    fs_pll_tune                              0x08003c40   Data           6  deca_params_init.o(.constdata)
    rx_config                                0x08003c46   Data           2  deca_params_init.o(.constdata)
    agc_config                               0x08003c48   Data           8  deca_params_init.o(.constdata)
    dwnsSFDlen                               0x08003c50   Data           3  deca_params_init.o(.constdata)
    sftsh                                    0x08003c54   Data          12  deca_params_init.o(.constdata)
    dtune1                                   0x08003c60   Data           4  deca_params_init.o(.constdata)
    digital_bb_config                        0x08003c64   Data          32  deca_params_init.o(.constdata)
    lde_replicaCoeff                         0x08003c84   Data          50  deca_params_init.o(.constdata)
    Region$$Table$$Base                      0x08003db4   Number         0  anon$$obj.o(Region$$Table)
    Region$$Table$$Limit                     0x08003dd4   Number         0  anon$$obj.o(Region$$Table)
    __ctype                                  0x08003dfd   Data           0  lc_ctype_c.o(locale$$data)
    SystemCoreClock                          0x20000014   Data           4  system_stm32f10x.o(.data)
    AHBPrescTable                            0x20000018   Data          16  system_stm32f10x.o(.data)
    recive                                   0x2000002f   Data           2  uart.o(.data)
    __libspace_start                         0x200000f8   Data          96  libspace.o(.bss)
    __temporary_stack_top$libspace           0x20000158   Data           0  libspace.o(.bss)



==============================================================================

Memory Map of the image

  Image Entry point : 0x08000131

  Load Region LR_IROM1 (Base: 0x08000000, Size: 0x00003fa8, Max: 0x00010000, ABSOLUTE)

    Execution Region ER_IROM1 (Exec base: 0x08000000, Load base: 0x08000000, Size: 0x00003f00, Max: 0x00010000, ABSOLUTE)

    Exec Addr    Load Addr    Size         Type   Attr      Idx    E Section Name        Object

    0x08000000   0x08000000   0x00000130   Data   RO         3080    RESET               startup_stm32f10x_hd.o
    0x08000130   0x08000130   0x00000008   Code   RO         4249  * !!!main             c_w.l(__main.o)
    0x08000138   0x08000138   0x00000034   Code   RO         4632    !!!scatter          c_w.l(__scatter.o)
    0x0800016c   0x0800016c   0x0000001a   Code   RO         4634    !!handler_copy      c_w.l(__scatter_copy.o)
    0x08000186   0x08000186   0x00000002   PAD
    0x08000188   0x08000188   0x0000001c   Code   RO         4636    !!handler_zi        c_w.l(__scatter_zi.o)
    0x080001a4   0x080001a4   0x00000000   Code   RO         4379    .ARM.Collect$$_printf_percent$$00000000  c_w.l(_printf_percent.o)
    0x080001a4   0x080001a4   0x00000006   Code   RO         4368    .ARM.Collect$$_printf_percent$$00000001  c_w.l(_printf_n.o)
    0x080001aa   0x080001aa   0x00000006   Code   RO         4370    .ARM.Collect$$_printf_percent$$00000002  c_w.l(_printf_p.o)
    0x080001b0   0x080001b0   0x00000006   Code   RO         4375    .ARM.Collect$$_printf_percent$$00000003  c_w.l(_printf_f.o)
    0x080001b6   0x080001b6   0x00000006   Code   RO         4376    .ARM.Collect$$_printf_percent$$00000004  c_w.l(_printf_e.o)
    0x080001bc   0x080001bc   0x00000006   Code   RO         4377    .ARM.Collect$$_printf_percent$$00000005  c_w.l(_printf_g.o)
    0x080001c2   0x080001c2   0x00000006   Code   RO         4378    .ARM.Collect$$_printf_percent$$00000006  c_w.l(_printf_a.o)
    0x080001c8   0x080001c8   0x0000000a   Code   RO         4383    .ARM.Collect$$_printf_percent$$00000007  c_w.l(_printf_ll.o)
    0x080001d2   0x080001d2   0x00000006   Code   RO         4372    .ARM.Collect$$_printf_percent$$00000008  c_w.l(_printf_i.o)
    0x080001d8   0x080001d8   0x00000006   Code   RO         4373    .ARM.Collect$$_printf_percent$$00000009  c_w.l(_printf_d.o)
    0x080001de   0x080001de   0x00000006   Code   RO         4374    .ARM.Collect$$_printf_percent$$0000000A  c_w.l(_printf_u.o)
    0x080001e4   0x080001e4   0x00000006   Code   RO         4371    .ARM.Collect$$_printf_percent$$0000000B  c_w.l(_printf_o.o)
    0x080001ea   0x080001ea   0x00000006   Code   RO         4369    .ARM.Collect$$_printf_percent$$0000000C  c_w.l(_printf_x.o)
    0x080001f0   0x080001f0   0x00000006   Code   RO         4380    .ARM.Collect$$_printf_percent$$0000000D  c_w.l(_printf_lli.o)
    0x080001f6   0x080001f6   0x00000006   Code   RO         4381    .ARM.Collect$$_printf_percent$$0000000E  c_w.l(_printf_lld.o)
    0x080001fc   0x080001fc   0x00000006   Code   RO         4382    .ARM.Collect$$_printf_percent$$0000000F  c_w.l(_printf_llu.o)
    0x08000202   0x08000202   0x00000006   Code   RO         4387    .ARM.Collect$$_printf_percent$$00000010  c_w.l(_printf_llo.o)
    0x08000208   0x08000208   0x00000006   Code   RO         4388    .ARM.Collect$$_printf_percent$$00000011  c_w.l(_printf_llx.o)
    0x0800020e   0x0800020e   0x0000000a   Code   RO         4384    .ARM.Collect$$_printf_percent$$00000012  c_w.l(_printf_l.o)
    0x08000218   0x08000218   0x00000006   Code   RO         4366    .ARM.Collect$$_printf_percent$$00000013  c_w.l(_printf_c.o)
    0x0800021e   0x0800021e   0x00000006   Code   RO         4367    .ARM.Collect$$_printf_percent$$00000014  c_w.l(_printf_s.o)
    0x08000224   0x08000224   0x00000006   Code   RO         4385    .ARM.Collect$$_printf_percent$$00000015  c_w.l(_printf_lc.o)
    0x0800022a   0x0800022a   0x00000006   Code   RO         4386    .ARM.Collect$$_printf_percent$$00000016  c_w.l(_printf_ls.o)
    0x08000230   0x08000230   0x00000004   Code   RO         4438    .ARM.Collect$$_printf_percent$$00000017  c_w.l(_printf_percent_end.o)
    0x08000234   0x08000234   0x00000002   Code   RO         4489    .ARM.Collect$$libinit$$00000000  c_w.l(libinit.o)
    0x08000236   0x08000236   0x00000000   Code   RO         4507    .ARM.Collect$$libinit$$00000002  c_w.l(libinit2.o)
    0x08000236   0x08000236   0x00000000   Code   RO         4509    .ARM.Collect$$libinit$$00000004  c_w.l(libinit2.o)
    0x08000236   0x08000236   0x00000000   Code   RO         4512    .ARM.Collect$$libinit$$0000000A  c_w.l(libinit2.o)
    0x08000236   0x08000236   0x00000000   Code   RO         4514    .ARM.Collect$$libinit$$0000000C  c_w.l(libinit2.o)
    0x08000236   0x08000236   0x00000000   Code   RO         4516    .ARM.Collect$$libinit$$0000000E  c_w.l(libinit2.o)
    0x08000236   0x08000236   0x00000006   Code   RO         4517    .ARM.Collect$$libinit$$0000000F  c_w.l(libinit2.o)
    0x0800023c   0x0800023c   0x00000000   Code   RO         4519    .ARM.Collect$$libinit$$00000011  c_w.l(libinit2.o)
    0x0800023c   0x0800023c   0x0000000c   Code   RO         4520    .ARM.Collect$$libinit$$00000012  c_w.l(libinit2.o)
    0x08000248   0x08000248   0x00000000   Code   RO         4521    .ARM.Collect$$libinit$$00000013  c_w.l(libinit2.o)
    0x08000248   0x08000248   0x00000000   Code   RO         4523    .ARM.Collect$$libinit$$00000015  c_w.l(libinit2.o)
    0x08000248   0x08000248   0x0000000a   Code   RO         4524    .ARM.Collect$$libinit$$00000016  c_w.l(libinit2.o)
    0x08000252   0x08000252   0x00000000   Code   RO         4525    .ARM.Collect$$libinit$$00000017  c_w.l(libinit2.o)
    0x08000252   0x08000252   0x00000000   Code   RO         4527    .ARM.Collect$$libinit$$00000019  c_w.l(libinit2.o)
    0x08000252   0x08000252   0x00000000   Code   RO         4529    .ARM.Collect$$libinit$$0000001B  c_w.l(libinit2.o)
    0x08000252   0x08000252   0x00000000   Code   RO         4531    .ARM.Collect$$libinit$$0000001D  c_w.l(libinit2.o)
    0x08000252   0x08000252   0x00000000   Code   RO         4533    .ARM.Collect$$libinit$$0000001F  c_w.l(libinit2.o)
    0x08000252   0x08000252   0x00000000   Code   RO         4535    .ARM.Collect$$libinit$$00000021  c_w.l(libinit2.o)
    0x08000252   0x08000252   0x00000000   Code   RO         4537    .ARM.Collect$$libinit$$00000023  c_w.l(libinit2.o)
    0x08000252   0x08000252   0x00000000   Code   RO         4539    .ARM.Collect$$libinit$$00000025  c_w.l(libinit2.o)
    0x08000252   0x08000252   0x00000000   Code   RO         4543    .ARM.Collect$$libinit$$0000002C  c_w.l(libinit2.o)
    0x08000252   0x08000252   0x00000000   Code   RO         4545    .ARM.Collect$$libinit$$0000002E  c_w.l(libinit2.o)
    0x08000252   0x08000252   0x00000000   Code   RO         4547    .ARM.Collect$$libinit$$00000030  c_w.l(libinit2.o)
    0x08000252   0x08000252   0x00000000   Code   RO         4549    .ARM.Collect$$libinit$$00000032  c_w.l(libinit2.o)
    0x08000252   0x08000252   0x00000002   Code   RO         4550    .ARM.Collect$$libinit$$00000033  c_w.l(libinit2.o)
    0x08000254   0x08000254   0x00000002   Code   RO         4570    .ARM.Collect$$libshutdown$$00000000  c_w.l(libshutdown.o)
    0x08000256   0x08000256   0x00000000   Code   RO         4583    .ARM.Collect$$libshutdown$$00000002  c_w.l(libshutdown2.o)
    0x08000256   0x08000256   0x00000000   Code   RO         4585    .ARM.Collect$$libshutdown$$00000004  c_w.l(libshutdown2.o)
    0x08000256   0x08000256   0x00000000   Code   RO         4587    .ARM.Collect$$libshutdown$$00000006  c_w.l(libshutdown2.o)
    0x08000256   0x08000256   0x00000000   Code   RO         4590    .ARM.Collect$$libshutdown$$00000009  c_w.l(libshutdown2.o)
    0x08000256   0x08000256   0x00000000   Code   RO         4593    .ARM.Collect$$libshutdown$$0000000C  c_w.l(libshutdown2.o)
    0x08000256   0x08000256   0x00000000   Code   RO         4595    .ARM.Collect$$libshutdown$$0000000E  c_w.l(libshutdown2.o)
    0x08000256   0x08000256   0x00000000   Code   RO         4598    .ARM.Collect$$libshutdown$$00000011  c_w.l(libshutdown2.o)
    0x08000256   0x08000256   0x00000002   Code   RO         4599    .ARM.Collect$$libshutdown$$00000012  c_w.l(libshutdown2.o)
    0x08000258   0x08000258   0x00000000   Code   RO         4297    .ARM.Collect$$rtentry$$00000000  c_w.l(__rtentry.o)
    0x08000258   0x08000258   0x00000000   Code   RO         4409    .ARM.Collect$$rtentry$$00000002  c_w.l(__rtentry2.o)
    0x08000258   0x08000258   0x00000006   Code   RO         4421    .ARM.Collect$$rtentry$$00000004  c_w.l(__rtentry4.o)
    0x0800025e   0x0800025e   0x00000000   Code   RO         4411    .ARM.Collect$$rtentry$$00000009  c_w.l(__rtentry2.o)
    0x0800025e   0x0800025e   0x00000004   Code   RO         4412    .ARM.Collect$$rtentry$$0000000A  c_w.l(__rtentry2.o)
    0x08000262   0x08000262   0x00000000   Code   RO         4414    .ARM.Collect$$rtentry$$0000000C  c_w.l(__rtentry2.o)
    0x08000262   0x08000262   0x00000008   Code   RO         4415    .ARM.Collect$$rtentry$$0000000D  c_w.l(__rtentry2.o)
    0x0800026a   0x0800026a   0x00000002   Code   RO         4499    .ARM.Collect$$rtexit$$00000000  c_w.l(rtexit.o)
    0x0800026c   0x0800026c   0x00000000   Code   RO         4552    .ARM.Collect$$rtexit$$00000002  c_w.l(rtexit2.o)
    0x0800026c   0x0800026c   0x00000004   Code   RO         4553    .ARM.Collect$$rtexit$$00000003  c_w.l(rtexit2.o)
    0x08000270   0x08000270   0x00000006   Code   RO         4554    .ARM.Collect$$rtexit$$00000004  c_w.l(rtexit2.o)
    0x08000276   0x08000276   0x00000002   PAD
    0x08000278   0x08000278   0x00000040   Code   RO         3081    .text               startup_stm32f10x_hd.o
    0x080002b8   0x080002b8   0x00000024   Code   RO         4243    .text               c_w.l(vsprintf.o)
    0x080002dc   0x080002dc   0x00000058   Code   RO         4245    .text               c_w.l(memcmp.o)
    0x08000334   0x08000334   0x00000006   Code   RO         4247    .text               c_w.l(heapauxi.o)
    0x0800033a   0x0800033a   0x0000004e   Code   RO         4300    .text               c_w.l(_printf_pad.o)
    0x08000388   0x08000388   0x00000024   Code   RO         4302    .text               c_w.l(_printf_truncate.o)
    0x080003ac   0x080003ac   0x00000052   Code   RO         4304    .text               c_w.l(_printf_str.o)
    0x080003fe   0x080003fe   0x00000002   PAD
    0x08000400   0x08000400   0x00000078   Code   RO         4306    .text               c_w.l(_printf_dec.o)
    0x08000478   0x08000478   0x00000028   Code   RO         4308    .text               c_w.l(_printf_charcount.o)
    0x080004a0   0x080004a0   0x00000030   Code   RO         4310    .text               c_w.l(_printf_char_common.o)
    0x080004d0   0x080004d0   0x0000000a   Code   RO         4312    .text               c_w.l(_sputc.o)
    0x080004da   0x080004da   0x00000002   PAD
    0x080004dc   0x080004dc   0x000000bc   Code   RO         4314    .text               c_w.l(_printf_wctomb.o)
    0x08000598   0x08000598   0x0000007c   Code   RO         4317    .text               c_w.l(_printf_longlong_dec.o)
    0x08000614   0x08000614   0x00000070   Code   RO         4323    .text               c_w.l(_printf_oct_int_ll.o)
    0x08000684   0x08000684   0x00000094   Code   RO         4343    .text               c_w.l(_printf_hex_int_ll_ptr.o)
    0x08000718   0x08000718   0x00000188   Code   RO         4363    .text               c_w.l(__printf_flags_ss_wp.o)
    0x080008a0   0x080008a0   0x0000008a   Code   RO         4423    .text               c_w.l(lludiv10.o)
    0x0800092a   0x0800092a   0x000000b2   Code   RO         4425    .text               c_w.l(_printf_intcommon.o)
    0x080009dc   0x080009dc   0x0000041e   Code   RO         4427    .text               c_w.l(_printf_fp_dec.o)
    0x08000dfa   0x08000dfa   0x00000002   PAD
    0x08000dfc   0x08000dfc   0x000002fc   Code   RO         4429    .text               c_w.l(_printf_fp_hex.o)
    0x080010f8   0x080010f8   0x0000002c   Code   RO         4434    .text               c_w.l(_printf_char.o)
    0x08001124   0x08001124   0x0000002c   Code   RO         4436    .text               c_w.l(_printf_wchar.o)
    0x08001150   0x08001150   0x00000040   Code   RO         4439    .text               c_w.l(_wcrtomb.o)
    0x08001190   0x08001190   0x0000004a   Code   RO         4443    .text               c_w.l(sys_stackheap_outer.o)
    0x080011da   0x080011da   0x00000002   PAD
    0x080011dc   0x080011dc   0x00000010   Code   RO         4445    .text               c_w.l(rt_ctype_table.o)
    0x080011ec   0x080011ec   0x00000008   Code   RO         4450    .text               c_w.l(rt_locale_intlibspace.o)
    0x080011f4   0x080011f4   0x00000080   Code   RO         4452    .text               c_w.l(_printf_fp_infnan.o)
    0x08001274   0x08001274   0x000000e4   Code   RO         4454    .text               c_w.l(bigflt0.o)
    0x08001358   0x08001358   0x00000012   Code   RO         4482    .text               c_w.l(exit.o)
    0x0800136a   0x0800136a   0x00000002   PAD
    0x0800136c   0x0800136c   0x00000008   Code   RO         4496    .text               c_w.l(libspace.o)
    0x08001374   0x08001374   0x00000080   Code   RO         4504    .text               c_w.l(strcmpv7m.o)
    0x080013f4   0x080013f4   0x0000000c   Code   RO         4562    .text               c_w.l(sys_exit.o)
    0x08001400   0x08001400   0x00000002   Code   RO         4573    .text               c_w.l(use_no_semi.o)
    0x08001402   0x08001402   0x00000000   Code   RO         4575    .text               c_w.l(indicate_semi.o)
    0x08001402   0x08001402   0x0000003e   Code   RO         4457    CL$$btod_d2e        c_w.l(btod.o)
    0x08001440   0x08001440   0x00000046   Code   RO         4459    CL$$btod_d2e_denorm_low  c_w.l(btod.o)
    0x08001486   0x08001486   0x00000060   Code   RO         4458    CL$$btod_d2e_norm_op1  c_w.l(btod.o)
    0x080014e6   0x080014e6   0x00000338   Code   RO         4467    CL$$btod_div_common  c_w.l(btod.o)
    0x0800181e   0x0800181e   0x000000dc   Code   RO         4464    CL$$btod_e2e        c_w.l(btod.o)
    0x080018fa   0x080018fa   0x0000002a   Code   RO         4461    CL$$btod_ediv       c_w.l(btod.o)
    0x08001924   0x08001924   0x0000002a   Code   RO         4460    CL$$btod_emul       c_w.l(btod.o)
    0x0800194e   0x0800194e   0x00000244   Code   RO         4466    CL$$btod_mult_common  c_w.l(btod.o)
    0x08001b92   0x08001b92   0x00000002   Code   RO         4178    i.BusFault_Handler  stm32f10x_it.o
    0x08001b94   0x08001b94   0x00000002   Code   RO         4179    i.DebugMon_Handler  stm32f10x_it.o
    0x08001b96   0x08001b96   0x00000002   PAD
    0x08001b98   0x08001b98   0x00000014   Code   RO         4057    i.EXTI_GetITEnStatus  port.o
    0x08001bac   0x08001bac   0x000000a2   Code   RO         1238    i.GPIO_Init         stm32f10x_gpio.o
    0x08001c4e   0x08001c4e   0x00000004   Code   RO         1245    i.GPIO_ResetBits    stm32f10x_gpio.o
    0x08001c52   0x08001c52   0x00000004   Code   RO         1246    i.GPIO_SetBits      stm32f10x_gpio.o
    0x08001c56   0x08001c56   0x0000000a   Code   RO         1249    i.GPIO_WriteBit     stm32f10x_gpio.o
    0x08001c60   0x08001c60   0x00000002   Code   RO         4180    i.HardFault_Handler  stm32f10x_it.o
    0x08001c62   0x08001c62   0x00000002   Code   RO         4181    i.MemManage_Handler  stm32f10x_it.o
    0x08001c64   0x08001c64   0x00000002   Code   RO         4182    i.NMI_Handler       stm32f10x_it.o
    0x08001c66   0x08001c66   0x00000002   PAD
    0x08001c68   0x08001c68   0x00000064   Code   RO            1    i.NVIC_Init         misc.o
    0x08001ccc   0x08001ccc   0x00000002   Code   RO         4183    i.PendSV_Handler    stm32f10x_it.o
    0x08001cce   0x08001cce   0x00000002   PAD
    0x08001cd0   0x08001cd0   0x00000018   Code   RO         1655    i.RCC_APB1PeriphResetCmd  stm32f10x_rcc.o
    0x08001ce8   0x08001ce8   0x00000018   Code   RO         1656    i.RCC_APB2PeriphClockCmd  stm32f10x_rcc.o
    0x08001d00   0x08001d00   0x00000018   Code   RO         1657    i.RCC_APB2PeriphResetCmd  stm32f10x_rcc.o
    0x08001d18   0x08001d18   0x000000a0   Code   RO         1664    i.RCC_GetClocksFreq  stm32f10x_rcc.o
    0x08001db8   0x08001db8   0x00000014   Code   RO         4058    i.SPI_ChangeRate    port.o
    0x08001dcc   0x08001dcc   0x00000014   Code   RO         2132    i.SPI_Cmd           stm32f10x_spi.o
    0x08001de0   0x08001de0   0x000000bc   Code   RO         4059    i.SPI_Configuration  port.o
    0x08001e9c   0x08001e9c   0x00000054   Code   RO         2139    i.SPI_I2S_DeInit    stm32f10x_spi.o
    0x08001ef0   0x08001ef0   0x0000000e   Code   RO         2140    i.SPI_I2S_GetFlagStatus  stm32f10x_spi.o
    0x08001efe   0x08001efe   0x00000038   Code   RO         2145    i.SPI_Init          stm32f10x_spi.o
    0x08001f36   0x08001f36   0x00000014   Code   RO         2147    i.SPI_SSOutputCmd   stm32f10x_spi.o
    0x08001f4a   0x08001f4a   0x00000002   Code   RO         4184    i.SVC_Handler       stm32f10x_it.o
    0x08001f4c   0x08001f4c   0x00000028   Code   RO         3145    i.Serial_Printf     uart.o
    0x08001f74   0x08001f74   0x000000a8   Code   RO         3049    i.SetSysClockTo72   system_stm32f10x.o
    0x0800201c   0x0800201c   0x00000006   Code   RO         4060    i.Sleep             port.o
    0x08002022   0x08002022   0x00000018   Code   RO            5    i.SysTick_CLKSourceConfig  misc.o
    0x0800203a   0x0800203a   0x00000002   Code   RO         4185    i.SysTick_Handler   stm32f10x_it.o
    0x0800203c   0x0800203c   0x00000050   Code   RO         3051    i.SystemInit        system_stm32f10x.o
    0x0800208c   0x0800208c   0x000000ac   Code   RO         3146    i.UART_Init         uart.o
    0x08002138   0x08002138   0x0000001e   Code   RO         3147    i.UART_SendData     uart.o
    0x08002156   0x08002156   0x0000001e   Code   RO         3148    i.UART_SendStr      uart.o
    0x08002174   0x08002174   0x00000078   Code   RO         3149    i.USART1_IRQHandler  uart.o
    0x080021ec   0x080021ec   0x0000000c   Code   RO         2805    i.USART_ClearITPendingBit  stm32f10x_usart.o
    0x080021f8   0x080021f8   0x00000014   Code   RO         2808    i.USART_Cmd         stm32f10x_usart.o
    0x0800220c   0x0800220c   0x0000000e   Code   RO         2811    i.USART_GetFlagStatus  stm32f10x_usart.o
    0x0800221a   0x0800221a   0x0000003e   Code   RO         2812    i.USART_GetITStatus  stm32f10x_usart.o
    0x08002258   0x08002258   0x00000030   Code   RO         2814    i.USART_ITConfig    stm32f10x_usart.o
    0x08002288   0x08002288   0x000000ac   Code   RO         2815    i.USART_Init        stm32f10x_usart.o
    0x08002334   0x08002334   0x00000008   Code   RO         2822    i.USART_ReceiveData  stm32f10x_usart.o
    0x0800233c   0x0800233c   0x00000008   Code   RO         2825    i.USART_SendData    stm32f10x_usart.o
    0x08002344   0x08002344   0x00000002   Code   RO         4186    i.UsageFault_Handler  stm32f10x_it.o
    0x08002346   0x08002346   0x00000028   Code   RO         4494    i.__ARM_fpclassify  m_ws.l(fpclassify.o)
    0x0800236e   0x0800236e   0x0000001a   Code   RO         3276    i._dwt_aonarrayupload  deca_device.o
    0x08002388   0x08002388   0x0000002a   Code   RO         3279    i._dwt_configlde    deca_device.o
    0x080023b2   0x080023b2   0x00000016   Code   RO         3280    i._dwt_disablesequencing  deca_device.o
    0x080023c8   0x080023c8   0x000000ce   Code   RO         3281    i._dwt_enableclocks  deca_device.o
    0x08002496   0x08002496   0x00000024   Code   RO         3282    i._dwt_loaducodefromrom  deca_device.o
    0x080024ba   0x080024ba   0x0000002c   Code   RO         3284    i._dwt_otpread      deca_device.o
    0x080024e6   0x080024e6   0x0000000e   Code   RO         4356    i._is_digit         c_w.l(__printf_wp.o)
    0x080024f4   0x080024f4   0x00000004   Code   RO         4003    i.deca_sleep        deca_sleep.o
    0x080024f8   0x080024f8   0x00000012   Code   RO         3950    i.decamutexoff      deca_mutex.o
    0x0800250a   0x0800250a   0x0000001a   Code   RO         3951    i.decamutexon       deca_mutex.o
    0x08002524   0x08002524   0x0000003c   Code   RO         3116    i.delay_init        delay.o
    0x08002560   0x08002560   0x00000034   Code   RO         3117    i.delay_ms          delay.o
    0x08002594   0x08002594   0x00000034   Code   RO         3118    i.delay_us          delay.o
    0x080025c8   0x080025c8   0x00000218   Code   RO         3295    i.dwt_configure     deca_device.o
    0x080027e0   0x080027e0   0x00000058   Code   RO         3309    i.dwt_forcetrxoff   deca_device.o
    0x08002838   0x08002838   0x0000016c   Code   RO         3317    i.dwt_initialise    deca_device.o
    0x080029a4   0x080029a4   0x0000001e   Code   RO         3324    i.dwt_read16bitoffsetreg  deca_device.o
    0x080029c2   0x080029c2   0x00000022   Code   RO         3325    i.dwt_read32bitoffsetreg  deca_device.o
    0x080029e4   0x080029e4   0x00000014   Code   RO         3326    i.dwt_read8bitoffsetreg  deca_device.o
    0x080029f8   0x080029f8   0x00000008   Code   RO         3329    i.dwt_readdevid     deca_device.o
    0x08002a00   0x08002a00   0x0000003a   Code   RO         3332    i.dwt_readfromdevice  deca_device.o
    0x08002a3a   0x08002a3a   0x00000012   Code   RO         3333    i.dwt_readrxdata    deca_device.o
    0x08002a4c   0x08002a4c   0x0000000c   Code   RO         3334    i.dwt_readrxtimestamp  deca_device.o
    0x08002a58   0x08002a58   0x0000000c   Code   RO         3340    i.dwt_readtxtimestamp  deca_device.o
    0x08002a64   0x08002a64   0x0000004e   Code   RO         3345    i.dwt_rxenable      deca_device.o
    0x08002ab2   0x08002ab2   0x0000001a   Code   RO         3346    i.dwt_rxreset       deca_device.o
    0x08002acc   0x08002acc   0x0000000a   Code   RO         3350    i.dwt_setdelayedtrxtime  deca_device.o
    0x08002ad6   0x08002ad6   0x00000002   PAD
    0x08002ad8   0x08002ad8   0x00000074   Code   RO         3356    i.dwt_setleds       deca_device.o
    0x08002b4c   0x08002b4c   0x0000000a   Code   RO         3361    i.dwt_setpreambledetecttimeout  deca_device.o
    0x08002b56   0x08002b56   0x00000022   Code   RO         3362    i.dwt_setrxaftertxdelay  deca_device.o
    0x08002b78   0x08002b78   0x0000000c   Code   RO         3363    i.dwt_setrxantennadelay  deca_device.o
    0x08002b84   0x08002b84   0x00000048   Code   RO         3364    i.dwt_setrxtimeout  deca_device.o
    0x08002bcc   0x08002bcc   0x0000000a   Code   RO         3368    i.dwt_settxantennadelay  deca_device.o
    0x08002bd6   0x08002bd6   0x00000010   Code   RO         3369    i.dwt_setxtaltrim   deca_device.o
    0x08002be6   0x08002be6   0x00000002   PAD
    0x08002be8   0x08002be8   0x00000048   Code   RO         3370    i.dwt_softreset     deca_device.o
    0x08002c30   0x08002c30   0x00000058   Code   RO         3372    i.dwt_starttx       deca_device.o
    0x08002c88   0x08002c88   0x00000028   Code   RO         3373    i.dwt_syncrxbufptrs  deca_device.o
    0x08002cb0   0x08002cb0   0x0000001a   Code   RO         3374    i.dwt_write16bitoffsetreg  deca_device.o
    0x08002cca   0x08002cca   0x0000001e   Code   RO         3375    i.dwt_write32bitoffsetreg  deca_device.o
    0x08002ce8   0x08002ce8   0x00000010   Code   RO         3376    i.dwt_write8bitoffsetreg  deca_device.o
    0x08002cf8   0x08002cf8   0x0000003e   Code   RO         3377    i.dwt_writetodevice  deca_device.o
    0x08002d36   0x08002d36   0x00000022   Code   RO         3378    i.dwt_writetxdata   deca_device.o
    0x08002d58   0x08002d58   0x0000001c   Code   RO         3379    i.dwt_writetxfctrl  deca_device.o
    0x08002d74   0x08002d74   0x0000001a   Code   RO         4126    i.final_msg_get_ts  main.o
    0x08002d8e   0x08002d8e   0x00000026   Code   RO         4127    i.get_rx_timestamp_u64  main.o
    0x08002db4   0x08002db4   0x0000034c   Code   RO         4128    i.main              main.o
    0x08003100   0x08003100   0x0000000a   Code   RO         4061    i.peripherals_init  port.o
    0x0800310a   0x0800310a   0x00000006   Code   RO         4062    i.port_set_dw1000_fastrate  port.o
    0x08003110   0x08003110   0x00000006   Code   RO         4063    i.port_set_dw1000_slowrate  port.o
    0x08003116   0x08003116   0x00000002   PAD
    0x08003118   0x08003118   0x0000007c   Code   RO         4020    i.readfromspi       deca_spi.o
    0x08003194   0x08003194   0x00000054   Code   RO         4065    i.reset_DW1000      port.o
    0x080031e8   0x080031e8   0x00000064   Code   RO         4021    i.writetospi        deca_spi.o
    0x0800324c   0x0800324c   0x0000002c   Code   RO         4480    locale$$code        c_w.l(lc_numeric_c.o)
    0x08003278   0x08003278   0x0000002c   Code   RO         4502    locale$$code        c_w.l(lc_ctype_c.o)
    0x080032a4   0x080032a4   0x00000150   Code   RO         4253    x$fpl$dadd          fz_ws.l(daddsub_clz.o)
    0x080033f4   0x080033f4   0x000002b0   Code   RO         4260    x$fpl$ddiv          fz_ws.l(ddiv.o)
    0x080036a4   0x080036a4   0x000000a2   Code   RO         4281    x$fpl$dfltll        fz_ws.l(dfltll_clz.o)
    0x08003746   0x08003746   0x00000026   Code   RO         4275    x$fpl$dfltu         fz_ws.l(dflt_clz.o)
    0x0800376c   0x0800376c   0x00000154   Code   RO         4285    x$fpl$dmul          fz_ws.l(dmul.o)
    0x080038c0   0x080038c0   0x0000009c   Code   RO         4391    x$fpl$dnaninf       fz_ws.l(dnaninf.o)
    0x0800395c   0x0800395c   0x0000000c   Code   RO         4393    x$fpl$dretinf       fz_ws.l(dretinf.o)
    0x08003968   0x08003968   0x000001d4   Code   RO         4255    x$fpl$dsub          fz_ws.l(daddsub_clz.o)
    0x08003b3c   0x08003b3c   0x000000c2   Code   RO         4267    x$fpl$llsfromd      fz_ws.l(dfixll.o)
    0x08003bfe   0x08003bfe   0x00000004   Code   RO         4399    x$fpl$printf1       fz_ws.l(printf1.o)
    0x08003c02   0x08003c02   0x00000004   Code   RO         4401    x$fpl$printf2       fz_ws.l(printf2.o)
    0x08003c06   0x08003c06   0x00000000   Code   RO         4407    x$fpl$usenofp       fz_ws.l(usenofp.o)
    0x08003c06   0x08003c06   0x00000008   Data   RO         3915    .constdata          deca_params_init.o
    0x08003c0e   0x08003c0e   0x00000002   PAD
    0x08003c10   0x08003c10   0x00000018   Data   RO         3916    .constdata          deca_params_init.o
    0x08003c28   0x08003c28   0x00000018   Data   RO         3917    .constdata          deca_params_init.o
    0x08003c40   0x08003c40   0x00000006   Data   RO         3918    .constdata          deca_params_init.o
    0x08003c46   0x08003c46   0x00000002   Data   RO         3919    .constdata          deca_params_init.o
    0x08003c48   0x08003c48   0x00000008   Data   RO         3920    .constdata          deca_params_init.o
    0x08003c50   0x08003c50   0x00000003   Data   RO         3921    .constdata          deca_params_init.o
    0x08003c53   0x08003c53   0x00000001   PAD
    0x08003c54   0x08003c54   0x0000000c   Data   RO         3922    .constdata          deca_params_init.o
    0x08003c60   0x08003c60   0x00000004   Data   RO         3923    .constdata          deca_params_init.o
    0x08003c64   0x08003c64   0x00000020   Data   RO         3924    .constdata          deca_params_init.o
    0x08003c84   0x08003c84   0x00000032   Data   RO         3925    .constdata          deca_params_init.o
    0x08003cb6   0x08003cb6   0x00000002   PAD
    0x08003cb8   0x08003cb8   0x00000008   Data   RO         4315    .constdata          c_w.l(_printf_wctomb.o)
    0x08003cc0   0x08003cc0   0x00000028   Data   RO         4344    .constdata          c_w.l(_printf_hex_int_ll_ptr.o)
    0x08003ce8   0x08003ce8   0x00000011   Data   RO         4364    .constdata          c_w.l(__printf_flags_ss_wp.o)
    0x08003cf9   0x08003cf9   0x00000026   Data   RO         4430    .constdata          c_w.l(_printf_fp_hex.o)
    0x08003d1f   0x08003d1f   0x00000001   PAD
    0x08003d20   0x08003d20   0x00000094   Data   RO         4455    .constdata          c_w.l(bigflt0.o)
    0x08003db4   0x08003db4   0x00000020   Data   RO         4630    Region$$Table       anon$$obj.o
    0x08003dd4   0x08003dd4   0x0000001c   Data   RO         4479    locale$$data        c_w.l(lc_numeric_c.o)
    0x08003df0   0x08003df0   0x00000110   Data   RO         4501    locale$$data        c_w.l(lc_ctype_c.o)


    Execution Region RW_IRAM1 (Exec base: 0x20000000, Load base: 0x08003f00, Size: 0x00000758, Max: 0x00005000, ABSOLUTE)

    Exec Addr    Load Addr    Size         Type   Attr      Idx    E Section Name        Object

    0x20000000   0x08003f00   0x00000014   Data   RW         1684    .data               stm32f10x_rcc.o
    0x20000014   0x08003f14   0x00000014   Data   RW         3052    .data               system_stm32f10x.o
    0x20000028   0x08003f28   0x00000004   Data   RW         3119    .data               delay.o
    0x2000002c   0x08003f2c   0x00000005   Data   RW         3150    .data               uart.o
    0x20000031   0x08003f31   0x00000003   PAD
    0x20000034   0x08003f34   0x00000004   Data   RW         3381    .data               deca_device.o
    0x20000038   0x08003f38   0x0000006f   Data   RW         4131    .data               main.o
    0x200000a7   0x08003fa7   0x00000001   PAD
    0x200000a8        -       0x00000038   Zero   RW         3380    .bss                deca_device.o
    0x200000e0        -       0x00000018   Zero   RW         4130    .bss                main.o
    0x200000f8        -       0x00000060   Zero   RW         4497    .bss                c_w.l(libspace.o)
    0x20000158        -       0x00000200   Zero   RW         3079    HEAP                startup_stm32f10x_hd.o
    0x20000358        -       0x00000400   Zero   RW         3078    STACK               startup_stm32f10x_hd.o


==============================================================================

Image component sizes


      Code (inc. data)   RO Data    RW Data    ZI Data      Debug   Object Name

         0          0          0          0          0         32   core_cm3.o
      2336        110          0          4         56      26655   deca_device.o
        44          0          0          0          0      16088   deca_mutex.o
         0          0        173          0          0       6064   deca_params_init.o
         4          0          0          0          0        453   deca_sleep.o
       224         20          0          0          0       6275   deca_spi.o
       164         26          0          4          0       1527   delay.o
       908        118          0        111         24       8891   main.o
       124          6          0          0          0     239038   misc.o
       340         26          0          0          0       4419   port.o
        64         26        304          0       1536        776   startup_stm32f10x_hd.o
       180          0          0          0          0       3248   stm32f10x_gpio.o
        18          0          0          0          0       3426   stm32f10x_it.o
       232         38          0         20          0       4775   stm32f10x_rcc.o
       194         12          0          0          0       3664   stm32f10x_spi.o
       344          6          0          0          0       6319   stm32f10x_usart.o
       248         24          0         20          0       1713   system_stm32f10x.o
       392         20          0          5          0     221650   uart.o

    ----------------------------------------------------------------------
      5828        432        514        168       1616     555013   Object Totals
         0          0         32          0          0          0   (incl. Generated)
        12          0          5          4          0          0   (incl. Padding)

    ----------------------------------------------------------------------

      Code (inc. data)   RO Data    RW Data    ZI Data      Debug   Library Member Name

         8          0          0          0          0         68   __main.o
       392          4         17          0          0         92   __printf_flags_ss_wp.o
        14          0          0          0          0         68   __printf_wp.o
         0          0          0          0          0          0   __rtentry.o
        12          0          0          0          0          0   __rtentry2.o
         6          0          0          0          0          0   __rtentry4.o
        52          8          0          0          0          0   __scatter.o
        26          0          0          0          0          0   __scatter_copy.o
        28          0          0          0          0          0   __scatter_zi.o
         6          0          0          0          0          0   _printf_a.o
         6          0          0          0          0          0   _printf_c.o
        44          0          0          0          0        108   _printf_char.o
        48          6          0          0          0         96   _printf_char_common.o
        40          0          0          0          0         68   _printf_charcount.o
         6          0          0          0          0          0   _printf_d.o
       120         16          0          0          0         92   _printf_dec.o
         6          0          0          0          0          0   _printf_e.o
         6          0          0          0          0          0   _printf_f.o
      1054          0          0          0          0        216   _printf_fp_dec.o
       764          8         38          0          0        100   _printf_fp_hex.o
       128         16          0          0          0         84   _printf_fp_infnan.o
         6          0          0          0          0          0   _printf_g.o
       148          4         40          0          0        160   _printf_hex_int_ll_ptr.o
         6          0          0          0          0          0   _printf_i.o
       178          0          0          0          0         88   _printf_intcommon.o
        10          0          0          0          0          0   _printf_l.o
         6          0          0          0          0          0   _printf_lc.o
        10          0          0          0          0          0   _printf_ll.o
         6          0          0          0          0          0   _printf_lld.o
         6          0          0          0          0          0   _printf_lli.o
         6          0          0          0          0          0   _printf_llo.o
         6          0          0          0          0          0   _printf_llu.o
         6          0          0          0          0          0   _printf_llx.o
       124         16          0          0          0         92   _printf_longlong_dec.o
         6          0          0          0          0          0   _printf_ls.o
         6          0          0          0          0          0   _printf_n.o
         6          0          0          0          0          0   _printf_o.o
       112         10          0          0          0        124   _printf_oct_int_ll.o
         6          0          0          0          0          0   _printf_p.o
        78          0          0          0          0        108   _printf_pad.o
         0          0          0          0          0          0   _printf_percent.o
         4          0          0          0          0          0   _printf_percent_end.o
         6          0          0          0          0          0   _printf_s.o
        82          0          0          0          0         80   _printf_str.o
        36          0          0          0          0         84   _printf_truncate.o
         6          0          0          0          0          0   _printf_u.o
        44          0          0          0          0        108   _printf_wchar.o
       188          6          8          0          0         92   _printf_wctomb.o
         6          0          0          0          0          0   _printf_x.o
        10          0          0          0          0         68   _sputc.o
        64          0          0          0          0         92   _wcrtomb.o
       228          4        148          0          0         96   bigflt0.o
      1936        128          0          0          0        672   btod.o
        18          0          0          0          0         80   exit.o
         6          0          0          0          0        152   heapauxi.o
         0          0          0          0          0          0   indicate_semi.o
        44         10        272          0          0         76   lc_ctype_c.o
        44         10         28          0          0         76   lc_numeric_c.o
         2          0          0          0          0          0   libinit.o
        30          0          0          0          0          0   libinit2.o
         2          0          0          0          0          0   libshutdown.o
         2          0          0          0          0          0   libshutdown2.o
         8          4          0          0         96         68   libspace.o
       138          0          0          0          0         80   lludiv10.o
        88          0          0          0          0         76   memcmp.o
        16          4          0          0          0         76   rt_ctype_table.o
         8          4          0          0          0         68   rt_locale_intlibspace.o
         2          0          0          0          0          0   rtexit.o
        10          0          0          0          0          0   rtexit2.o
       128          0          0          0          0         68   strcmpv7m.o
        12          4          0          0          0         68   sys_exit.o
        74          0          0          0          0         80   sys_stackheap_outer.o
         2          0          0          0          0         68   use_no_semi.o
        36          4          0          0          0         76   vsprintf.o
       804         16          0          0          0        272   daddsub_clz.o
       688        140          0          0          0        208   ddiv.o
       194          4          0          0          0        116   dfixll.o
        38          0          0          0          0         68   dflt_clz.o
       162          0          0          0          0         84   dfltll_clz.o
       340         12          0          0          0        104   dmul.o
       156          4          0          0          0         92   dnaninf.o
        12          0          0          0          0         68   dretinf.o
         4          0          0          0          0         68   printf1.o
         4          0          0          0          0         68   printf2.o
         0          0          0          0          0          0   usenofp.o
        40          0          0          0          0         68   fpclassify.o

    ----------------------------------------------------------------------
      9234        442        552          0         96       5184   Library Totals
        14          0          1          0          0          0   (incl. Padding)

    ----------------------------------------------------------------------

      Code (inc. data)   RO Data    RW Data    ZI Data      Debug   Library Name

      6778        266        551          0         96       3968   c_w.l
      2402        176          0          0          0       1148   fz_ws.l
        40          0          0          0          0         68   m_ws.l

    ----------------------------------------------------------------------
      9234        442        552          0         96       5184   Library Totals

    ----------------------------------------------------------------------

==============================================================================


      Code (inc. data)   RO Data    RW Data    ZI Data      Debug   

     15062        874       1066        168       1712     552861   Grand Totals
     15062        874       1066        168       1712     552861   ELF Image Totals
     15062        874       1066        168          0          0   ROM Totals

==============================================================================

    Total RO  Size (Code + RO Data)                16128 (  15.75kB)
    Total RW  Size (RW Data + ZI Data)              1880 (   1.84kB)
    Total ROM Size (Code + RO Data + RW Data)      16296 (  15.91kB)

==============================================================================

