<html>
<body>
<pre>
<h1>µVision Build Log</h1>
<h2>Tool Versions:</h2>
IDE-Version: ¦ÌVision V5.40.0.0
Copyright (C) 2024 ARM Ltd and ARM Germany GmbH. All rights reserved.
License Information: 11 8615802971641, 11, LIC=SDA0P-MSJE3-WFSI7-ER50P-QB6KB-4MEEK
 
Tool Versions:
Toolchain:       MDK-ARM Plus  Version: 5.40.0.3
Toolchain Path:  D:\Keil5\ARM\ARMCC\Bin
C Compiler:      Armcc.exe V5.06 update 7 (build 960)
Assembler:       Armasm.exe V5.06 update 7 (build 960)
Linker/Locator:  ArmLink.exe V5.06 update 7 (build 960)
Library Manager: ArmAr.exe V5.06 update 7 (build 960)
Hex Converter:   FromElf.exe V5.06 update 7 (build 960)
CPU DLL:         SARMCM3.DLL V5.40.0.3
Dialog DLL:      DCM.DLL V1.17.5.0
Target DLL:      STLink\ST-LINKIII-KEIL_SWO.dll V3.3.0.0
Dialog DLL:      TCM.DLL V1.56.4.0
 
<h2>Project:</h2>
D:\uwb\uwb\MY_PRJ\DS_TWR_Resp(A)\USER\project.uvprojx
Project File Date:  09/20/2024

<h2>Output:</h2>
*** Using Compiler 'V5.06 update 7 (build 960)', folder: 'D:\Keil5\ARM\ARMCC\Bin'
Build target 'project'
compiling UART.c...
..\sys\UART.c(154): warning:  #167-D: argument of type "char *" is incompatible with parameter of type "uint8_t *"
  	UART_SendStr(USART1,String);		//????????(???)
..\sys\UART.c(88): warning:  #550-D: variable "Serial_RxFlag1"  was set but never used
  static uint8_t Serial_RxFlag1;
..\sys\UART.c: 2 warnings, 0 errors
compiling main.c...
main.c(253): warning:  #223-D: function "Serial_Printf" declared implicitly
  						Serial_Printf("A:%f",distance);
main.c(51): warning:  #177-D: variable "rx_byte"  was declared but never referenced
  static uint8 rx_byte[1];
main.c: 2 warnings, 0 errors
linking...
Program Size: Code=15062 RO-data=1066 RW-data=168 ZI-data=1712  
FromELF: creating hex file...
"..\OBJ\project.axf" - 0 Error(s), 4 Warning(s).

<h2>Software Packages used:</h2>

Package Vendor: Keil
                https://www.keil.com/pack/Keil.STM32F1xx_DFP.2.4.1.pack
                Keil::STM32F1xx_DFP@2.4.1
                STMicroelectronics STM32F1 Series Device Support, Drivers and Examples

<h2>Collection of Component include folders:</h2>
  D:/Keil5/Pack/Keil/STM32F1xx_DFP/2.4.1/Device/Include

<h2>Collection of Component Files used:</h2>
Build Time Elapsed:  00:00:01
</pre>
</body>
</html>
